

==================================================================================
=== CALIBRE::DRC-H SUMMARY REPORT
===
Execution Date/Time:       Wed Jul 30 00:15:44 2025
Calibre Version:           v2021.3_35.19    Wed Sep 1 15:25:28 PDT 2021
Rule File Pathname:        /scratch/vlsi2_12fs25/croc_drc/calibre/../calibre/drc/_drc.tvf_
Rule File Title:           
Layout System:             GDS
Layout Path(s):            croc_chip.gds
Layout Primary Cell:       croc_chip
Current Directory:         /scratch/vlsi2_12fs25/croc_drc/calibre/drc
User Name:                 vlsi2_12fs25
Maximum Results/RuleCheck: 1000
Maximum Result Vertices:   4096
DRC Results Database:      croc_chip.drc.results (ASCII)
Layout Depth:              ALL
Text Depth:                PRIMARY
Summary Report File:       croc_chip.drc.summary (REPLACE)
Geometry Flagging:         ACUTE = YES  SKEW = YES  ANGLED = NO  OFFGRID = YES
                           NONSIMPLE POLYGON = YES  NONSIMPLE PATH = YES
Excluded Cells:           
CheckText Mapping:         COMMENT TEXT + RULE FILE INFORMATION
Layers:                    MEMORY-BASED
Keep Empty Checks:         NO
----------------------------------------------------------------------------------
--- RUNTIME WARNINGS
---
EXPAND CELL *$* not located or not allowed.
EXPAND CELL *=* not located or not allowed.
EXPAND CELL *zpc* not located or not allowed.
OFFGRID vertex on layer Metal1_pin at location (0.001,3.9) in cell RM_IHPSG13_1P_BLDRV.
OFFGRID vertex on layer Metal1_pin at location (0.601,3.9) in cell RM_IHPSG13_1P_BLDRV.
OFFGRID vertex on layer Metal1_pin at location (0.601,4.5) in cell RM_IHPSG13_1P_BLDRV.
OFFGRID vertex on layer Metal1_pin at location (0.001,4.5) in cell RM_IHPSG13_1P_BLDRV.
OFFGRID vertex on layer Metal1_pin at location (0.001,3.9) in cell RM_IHPSG13_1P_BLDRV.
OFFGRID vertex on layer Metal1_pin at location (0.601,3.9) in cell RM_IHPSG13_1P_BLDRV.
OFFGRID vertex on layer Metal1_pin at location (0.601,4.5) in cell RM_IHPSG13_1P_BLDRV.
OFFGRID vertex on layer Metal1_pin at location (0.001,4.5) in cell RM_IHPSG13_1P_BLDRV.
OFFGRID vertex on layer Metal1_pin at location (0.001,3.9) in cell RM_IHPSG13_1P_BLDRV.
OFFGRID vertex on layer Metal1_pin at location (0.601,3.9) in cell RM_IHPSG13_1P_BLDRV.
OFFGRID vertex on layer Metal1_pin at location (0.601,4.5) in cell RM_IHPSG13_1P_BLDRV.
OFFGRID vertex on layer Metal1_pin at location (0.001,4.5) in cell RM_IHPSG13_1P_BLDRV.
OFFGRID vertex on layer Metal1_pin at location (0.001,3.9) in cell RM_IHPSG13_1P_BLDRV.
OFFGRID vertex on layer Metal1_pin at location (0.601,3.9) in cell RM_IHPSG13_1P_BLDRV.
OFFGRID vertex on layer Metal1_pin at location (0.601,4.5) in cell RM_IHPSG13_1P_BLDRV.
OFFGRID vertex on layer Metal1_pin at location (0.001,4.5) in cell RM_IHPSG13_1P_BLDRV.
OFFGRID vertex on layer Metal1_pin at location (0.001,3.9) in cell RM_IHPSG13_1P_BLDRV.
OFFGRID vertex on layer Metal1_pin at location (0.601,3.9) in cell RM_IHPSG13_1P_BLDRV.
OFFGRID vertex on layer Metal1_pin at location (0.601,4.5) in cell RM_IHPSG13_1P_BLDRV.
OFFGRID vertex on layer Metal1_pin at location (0.001,4.5) in cell RM_IHPSG13_1P_BLDRV.
OFFGRID vertex on layer Metal1_pin at location (0.001,3.9) in cell RM_IHPSG13_1P_BLDRV.
OFFGRID vertex on layer Metal1_pin at location (0.601,3.9) in cell RM_IHPSG13_1P_BLDRV.
OFFGRID vertex on layer Metal1_pin at location (0.601,4.5) in cell RM_IHPSG13_1P_BLDRV.
OFFGRID vertex on layer Metal1_pin at location (0.001,4.5) in cell RM_IHPSG13_1P_BLDRV.
OFFGRID vertex on layer all_draw_data at location (0.001,3.9) in cell RM_IHPSG13_1P_BLDRV.
OFFGRID vertex on layer all_draw_data at location (0.601,3.9) in cell RM_IHPSG13_1P_BLDRV.
OFFGRID vertex on layer all_draw_data at location (0.601,4.5) in cell RM_IHPSG13_1P_BLDRV.
OFFGRID vertex on layer all_draw_data at location (0.001,4.5) in cell RM_IHPSG13_1P_BLDRV.
OFFGRID vertex on layer all_draw_data at location (0.001,3.9) in cell RM_IHPSG13_1P_BLDRV.
OFFGRID vertex on layer all_draw_data at location (0.601,3.9) in cell RM_IHPSG13_1P_BLDRV.
OFFGRID vertex on layer all_draw_data at location (0.601,4.5) in cell RM_IHPSG13_1P_BLDRV.
OFFGRID vertex on layer all_draw_data at location (0.001,4.5) in cell RM_IHPSG13_1P_BLDRV.
OFFGRID vertex on layer all_draw_data at location (0.001,3.9) in cell RM_IHPSG13_1P_BLDRV.
OFFGRID vertex on layer all_draw_data at location (0.601,3.9) in cell RM_IHPSG13_1P_BLDRV.
OFFGRID vertex on layer all_draw_data at location (0.601,4.5) in cell RM_IHPSG13_1P_BLDRV.
OFFGRID vertex on layer all_draw_data at location (0.001,4.5) in cell RM_IHPSG13_1P_BLDRV.
OFFGRID vertex on layer all_draw_data at location (0.001,3.9) in cell RM_IHPSG13_1P_BLDRV.
OFFGRID vertex on layer all_draw_data at location (0.601,3.9) in cell RM_IHPSG13_1P_BLDRV.
OFFGRID vertex on layer all_draw_data at location (0.601,4.5) in cell RM_IHPSG13_1P_BLDRV.
OFFGRID vertex on layer all_draw_data at location (0.001,4.5) in cell RM_IHPSG13_1P_BLDRV.
OFFGRID vertex on layer all_draw_data at location (0.001,3.9) in cell RM_IHPSG13_1P_BLDRV.
OFFGRID vertex on layer all_draw_data at location (0.601,3.9) in cell RM_IHPSG13_1P_BLDRV.
OFFGRID vertex on layer all_draw_data at location (0.601,4.5) in cell RM_IHPSG13_1P_BLDRV.
OFFGRID vertex on layer all_draw_data at location (0.001,4.5) in cell RM_IHPSG13_1P_BLDRV.
OFFGRID vertex on layer all_draw_data at location (0.001,3.9) in cell RM_IHPSG13_1P_BLDRV.
OFFGRID vertex on layer all_draw_data at location (0.601,3.9) in cell RM_IHPSG13_1P_BLDRV.
OFFGRID vertex on layer all_draw_data at location (0.601,4.5) in cell RM_IHPSG13_1P_BLDRV.
OFFGRID vertex on layer all_draw_data at location (0.001,4.5) in cell RM_IHPSG13_1P_BLDRV.
OFFGRID vertex on layer Metal1_pin at location (2.427,7.781) in cell sg13g2_Clamp_N15N15D.
OFFGRID vertex on layer Metal1_pin at location (4.005,7.781) in cell sg13g2_Clamp_N15N15D.
OFFGRID vertex on layer Metal1_pin at location (4.005,8.069) in cell sg13g2_Clamp_N15N15D.
OFFGRID vertex on layer Metal1_pin at location (2.427,8.069) in cell sg13g2_Clamp_N15N15D.
OFFGRID vertex on layer all_draw_data at location (2.427,7.781) in cell sg13g2_Clamp_N15N15D.
OFFGRID vertex on layer all_draw_data at location (4.005,7.781) in cell sg13g2_Clamp_N15N15D.
OFFGRID vertex on layer all_draw_data at location (4.005,8.069) in cell sg13g2_Clamp_N15N15D.
OFFGRID vertex on layer all_draw_data at location (2.427,8.069) in cell sg13g2_Clamp_N15N15D.
OFFGRID vertex on layer Metal1_pin at location (2.606,17.184) in cell sg13g2_Clamp_P15N15D.
OFFGRID vertex on layer Metal1_pin at location (3.819,17.184) in cell sg13g2_Clamp_P15N15D.
OFFGRID vertex on layer Metal1_pin at location (3.819,17.399) in cell sg13g2_Clamp_P15N15D.
OFFGRID vertex on layer Metal1_pin at location (2.606,17.399) in cell sg13g2_Clamp_P15N15D.
OFFGRID vertex on layer Metal1_pin at location (0.865,18.957) in cell sg13g2_Clamp_P15N15D.
OFFGRID vertex on layer Metal1_pin at location (2.202,18.957) in cell sg13g2_Clamp_P15N15D.
OFFGRID vertex on layer Metal1_pin at location (2.202,19.198) in cell sg13g2_Clamp_P15N15D.
OFFGRID vertex on layer Metal1_pin at location (0.865,19.198) in cell sg13g2_Clamp_P15N15D.
OFFGRID vertex on layer all_draw_data at location (2.606,17.184) in cell sg13g2_Clamp_P15N15D.
OFFGRID vertex on layer all_draw_data at location (3.819,17.184) in cell sg13g2_Clamp_P15N15D.
OFFGRID vertex on layer all_draw_data at location (3.819,17.399) in cell sg13g2_Clamp_P15N15D.
OFFGRID vertex on layer all_draw_data at location (2.606,17.399) in cell sg13g2_Clamp_P15N15D.
OFFGRID vertex on layer all_draw_data at location (0.865,18.957) in cell sg13g2_Clamp_P15N15D.
OFFGRID vertex on layer all_draw_data at location (2.202,18.957) in cell sg13g2_Clamp_P15N15D.
OFFGRID vertex on layer all_draw_data at location (2.202,19.198) in cell sg13g2_Clamp_P15N15D.
OFFGRID vertex on layer all_draw_data at location (0.865,19.198) in cell sg13g2_Clamp_P15N15D.
Missing connections STAMPing layer nBuLayGen_nBuLay by layer NWconn.
Missing connections STAMPing layer nBuLay_Nsram by layer NWconn.
----------------------------------------------------------------------------------
--- ORIGINAL LAYER STATISTICS
---
LAYER IND ................. TOTAL Original Geometry Count = 0       (0)
LAYER Activ ............... TOTAL Original Geometry Count = 1691    (3864024)
LAYER Activ_filler ........ TOTAL Original Geometry Count = 0       (0)
LAYER Activ_mask .......... TOTAL Original Geometry Count = 0       (0)
LAYER GatPoly_filler ...... TOTAL Original Geometry Count = 0       (0)
LAYER GatPoly ............. TOTAL Original Geometry Count = 1359    (2861433)
LAYER PolyRes ............. TOTAL Original Geometry Count = 0       (0)
LAYER Metal1_slit ......... TOTAL Original Geometry Count = 0       (0)
LAYER Metal1_filler ....... TOTAL Original Geometry Count = 0       (0)
LAYER Metal1 .............. TOTAL Original Geometry Count = 126723  (6113821)
LAYER Metal2_slit ......... TOTAL Original Geometry Count = 0       (0)
LAYER Metal2_filler ....... TOTAL Original Geometry Count = 0       (0)
LAYER Metal2 .............. TOTAL Original Geometry Count = 473568  (2878749)
LAYER Metal3_slit ......... TOTAL Original Geometry Count = 0       (0)
LAYER Metal3_filler ....... TOTAL Original Geometry Count = 0       (0)
LAYER Metal3 .............. TOTAL Original Geometry Count = 264421  (1194758)
LAYER Metal4_slit ......... TOTAL Original Geometry Count = 0       (0)
LAYER Metal4_filler ....... TOTAL Original Geometry Count = 0       (0)
LAYER Metal4 .............. TOTAL Original Geometry Count = 64524   (140257)
LAYER Metal5_slit ......... TOTAL Original Geometry Count = 0       (0)
LAYER Metal5_filler ....... TOTAL Original Geometry Count = 0       (0)
LAYER Metal5 .............. TOTAL Original Geometry Count = 21085   (23333)
LAYER TopMetal1_slit ...... TOTAL Original Geometry Count = 0       (0)
LAYER TopMetal1_filler .... TOTAL Original Geometry Count = 0       (0)
LAYER TopMetal1 ........... TOTAL Original Geometry Count = 8962    (11210)
LAYER TopMetal2_slit ...... TOTAL Original Geometry Count = 0       (0)
LAYER TopMetal2_filler .... TOTAL Original Geometry Count = 0       (0)
LAYER TopMetal2 ........... TOTAL Original Geometry Count = 4449    (6104)
LAYER TopVia1 ............. TOTAL Original Geometry Count = 52730   (245228)
LAYER MIM ................. TOTAL Original Geometry Count = 0       (0)
LAYER Vmim ................ TOTAL Original Geometry Count = 0       (0)
LAYER Cont ................ TOTAL Original Geometry Count = 553933  (15148374)
LAYER DigiBnd ............. TOTAL Original Geometry Count = 301     (253966)
LAYER DigiSub ............. TOTAL Original Geometry Count = 0       (0)
LAYER NWell ............... TOTAL Original Geometry Count = 508     (689135)
LAYER PWell_block ......... TOTAL Original Geometry Count = 0       (0)
LAYER nBuLay .............. TOTAL Original Geometry Count = 0       (0)
LAYER ThickGateOx ......... TOTAL Original Geometry Count = 10      (221)
LAYER nSD ................. TOTAL Original Geometry Count = 0       (0)
LAYER nSD_block ........... TOTAL Original Geometry Count = 0       (0)
LAYER pSD ................. TOTAL Original Geometry Count = 772     (974008)
LAYER RES ................. TOTAL Original Geometry Count = 0       (0)
LAYER SalBlock ............ TOTAL Original Geometry Count = 2       (49)
LAYER SRAM ................ TOTAL Original Geometry Count = 24      (224640)
LAYER nBuLay_block ........ TOTAL Original Geometry Count = 0       (0)
LAYER Via1 ................ TOTAL Original Geometry Count = 202624  (2501814)
LAYER Via2 ................ TOTAL Original Geometry Count = 233855  (1613855)
LAYER Via3 ................ TOTAL Original Geometry Count = 208363  (1021948)
LAYER Via4 ................ TOTAL Original Geometry Count = 130958  (485408)
LAYER TRANS ............... TOTAL Original Geometry Count = 0       (0)
LAYER Metal2_pin .......... TOTAL Original Geometry Count = 994     (2238994)
LAYER Recog_diode ......... TOTAL Original Geometry Count = 14      (6784)
LAYER Recog_esd ........... TOTAL Original Geometry Count = 0       (0)
LAYER EXTBlock ............ TOTAL Original Geometry Count = 2       (49)
LAYER dfpad ............... TOTAL Original Geometry Count = 1       (64)
LAYER Recog_otp ........... TOTAL Original Geometry Count = 0       (0)
LAYER PWell ............... TOTAL Original Geometry Count = 0       (0)
LAYER Passiv .............. TOTAL Original Geometry Count = 1       (64)
LAYER EdgeSeal ............ TOTAL Original Geometry Count = 0       (0)
LAYER Recog ............... TOTAL Original Geometry Count = 0       (0)
LAYER dfpad_sbump ......... TOTAL Original Geometry Count = 0       (0)
LAYER dfpad_pillar ........ TOTAL Original Geometry Count = 0       (0)
LAYER Metal1_pin .......... TOTAL Original Geometry Count = 1544    (697750)
LAYER Metal3_pin .......... TOTAL Original Geometry Count = 1223    (1043104)
LAYER EmWind .............. TOTAL Original Geometry Count = 0       (0)
LAYER EmWiHV .............. TOTAL Original Geometry Count = 0       (0)
LAYER DeepVia ............. TOTAL Original Geometry Count = 0       (0)
LAYER TopVia2 ............. TOTAL Original Geometry Count = 29931   (124338)
LAYER Polimide ............ TOTAL Original Geometry Count = 0       (0)
LAYER LBE ................. TOTAL Original Geometry Count = 0       (0)
LAYER Recog_tsv ........... TOTAL Original Geometry Count = 0       (0)
LAYER Substrate ........... TOTAL Original Geometry Count = 55      (1804)
LAYER EdgeSeal_boundary ... TOTAL Original Geometry Count = 0       (0)
LAYER all_draw_data ....... TOTAL Original Geometry Count = 2385350 (44969883)
LAYER GatPoly_nofill ...... TOTAL Original Geometry Count = 0       (0)
LAYER Activ_nofill ........ TOTAL Original Geometry Count = 0       (0)
LAYER Metal1_nofill ....... TOTAL Original Geometry Count = 0       (0)
LAYER Metal2_nofill ....... TOTAL Original Geometry Count = 0       (0)
LAYER Metal3_nofill ....... TOTAL Original Geometry Count = 0       (0)
LAYER Metal4_nofill ....... TOTAL Original Geometry Count = 0       (0)
LAYER Metal5_nofill ....... TOTAL Original Geometry Count = 0       (0)
LAYER TopMetal1_nofill .... TOTAL Original Geometry Count = 0       (0)
LAYER TopMetal2_nofill .... TOTAL Original Geometry Count = 0       (0)
LAYER NoMetFiller ......... TOTAL Original Geometry Count = 0       (0)
LAYER Activ_pin ........... TOTAL Original Geometry Count = 0       (0)
LAYER GatPoly_pin ......... TOTAL Original Geometry Count = 0       (0)
LAYER Metal4_pin .......... TOTAL Original Geometry Count = 298     (2704)
LAYER Metal5_pin .......... TOTAL Original Geometry Count = 98      (2304)
LAYER TopMetal1_pin ....... TOTAL Original Geometry Count = 98      (2304)
LAYER TopMetal2_pin ....... TOTAL Original Geometry Count = 144     (1760)
LAYER BiWind .............. TOTAL Original Geometry Count = 0       (0)
LAYER PEmWind ............. TOTAL Original Geometry Count = 0       (0)
LAYER BasPoly ............. TOTAL Original Geometry Count = 0       (0)
LAYER DeepCo .............. TOTAL Original Geometry Count = 0       (0)
LAYER PEmPoly ............. TOTAL Original Geometry Count = 0       (0)
LAYER EmPoly .............. TOTAL Original Geometry Count = 0       (0)
LAYER LDMOS ............... TOTAL Original Geometry Count = 0       (0)
LAYER PBiWind ............. TOTAL Original Geometry Count = 0       (0)
LAYER NoDRC ............... TOTAL Original Geometry Count = 0       (0)
LAYER Flash ............... TOTAL Original Geometry Count = 0       (0)
LAYER ColWind ............. TOTAL Original Geometry Count = 0       (0)
----------------------------------------------------------------------------------
--- RULECHECK RESULTS STATISTICS
---
RULECHECK NW.a ....................... TOTAL Result Count = 0 (0)
RULECHECK NW.b ....................... TOTAL Result Count = 0 (0)
RULECHECK NW.b1 ...................... TOTAL Result Count = 0 (0)
RULECHECK NW.c ....................... TOTAL Result Count = 0 (0)
RULECHECK NW.c1 ...................... TOTAL Result Count = 0 (0)
RULECHECK NW.d ....................... TOTAL Result Count = 0 (0)
RULECHECK NW.d1 ...................... TOTAL Result Count = 0 (0)
RULECHECK NW.e ....................... TOTAL Result Count = 0 (0)
RULECHECK NW.e1 ...................... TOTAL Result Count = 0 (0)
RULECHECK NW.f ....................... TOTAL Result Count = 0 (0)
RULECHECK NW.f1 ...................... TOTAL Result Count = 0 (0)
RULECHECK NW.c1.DigiBnd .............. TOTAL Result Count = 0 (0)
RULECHECK NW.d1.DigiBnd .............. TOTAL Result Count = 0 (0)
RULECHECK NW.e1.DigiBnd .............. TOTAL Result Count = 0 (0)
RULECHECK NW.f1.DigiBnd .............. TOTAL Result Count = 0 (0)
RULECHECK NW.c.SRAM .................. TOTAL Result Count = 0 (0)
RULECHECK NW.d.SRAM .................. TOTAL Result Count = 0 (0)
RULECHECK PWB.a ...................... TOTAL Result Count = 0 (0)
RULECHECK PWB.b ...................... TOTAL Result Count = 0 (0)
RULECHECK PWB.c ...................... TOTAL Result Count = 0 (0)
RULECHECK PWB.d ...................... TOTAL Result Count = 0 (0)
RULECHECK PWB.e ...................... TOTAL Result Count = 0 (0)
RULECHECK PWB.e1 ..................... TOTAL Result Count = 0 (0)
RULECHECK PWB.f ...................... TOTAL Result Count = 0 (0)
RULECHECK PWB.f1 ..................... TOTAL Result Count = 0 (0)
RULECHECK NBL.a ...................... TOTAL Result Count = 0 (0)
RULECHECK NBL.b ...................... TOTAL Result Count = 0 (0)
RULECHECK NBL.c ...................... TOTAL Result Count = 0 (0)
RULECHECK NBL.d ...................... TOTAL Result Count = 0 (0)
RULECHECK NBL.e ...................... TOTAL Result Count = 0 (0)
RULECHECK NBL.f ...................... TOTAL Result Count = 0 (0)
RULECHECK NBLB.a ..................... TOTAL Result Count = 0 (0)
RULECHECK NBLB.b ..................... TOTAL Result Count = 0 (0)
RULECHECK NBLB.c ..................... TOTAL Result Count = 0 (0)
RULECHECK NBLB.d ..................... TOTAL Result Count = 0 (0)
RULECHECK Act.a ...................... TOTAL Result Count = 0 (0)
RULECHECK Act.b ...................... TOTAL Result Count = 0 (0)
RULECHECK Act.c ...................... TOTAL Result Count = 0 (0)
RULECHECK Act.d ...................... TOTAL Result Count = 0 (0)
RULECHECK Act.e ...................... TOTAL Result Count = 0 (0)
RULECHECK Act.c.SRAM ................. TOTAL Result Count = 0 (0)
RULECHECK TGO.a ...................... TOTAL Result Count = 0 (0)
RULECHECK TGO.b ...................... TOTAL Result Count = 0 (0)
RULECHECK TGO.c ...................... TOTAL Result Count = 0 (0)
RULECHECK TGO.d ...................... TOTAL Result Count = 0 (0)
RULECHECK TGO.e ...................... TOTAL Result Count = 0 (0)
RULECHECK TGO.f ...................... TOTAL Result Count = 0 (0)
RULECHECK Gat.a ...................... TOTAL Result Count = 0 (0)
RULECHECK Gat.a1 ..................... TOTAL Result Count = 0 (0)
RULECHECK Gat.a2 ..................... TOTAL Result Count = 0 (0)
RULECHECK Gat.a3 ..................... TOTAL Result Count = 0 (0)
RULECHECK Gat.a4 ..................... TOTAL Result Count = 0 (0)
RULECHECK Gat.b ...................... TOTAL Result Count = 0 (0)
RULECHECK Gat.b1 ..................... TOTAL Result Count = 0 (0)
RULECHECK Gat.c ...................... TOTAL Result Count = 0 (0)
RULECHECK Gat.d ...................... TOTAL Result Count = 0 (0)
RULECHECK Gat.e ...................... TOTAL Result Count = 0 (0)
RULECHECK Gat.f ...................... TOTAL Result Count = 0 (0)
RULECHECK Gat.g ...................... TOTAL Result Count = 0 (0)
RULECHECK Gat.a.SRAM ................. TOTAL Result Count = 0 (0)
RULECHECK Gat.b.SRAM ................. TOTAL Result Count = 0 (0)
RULECHECK Gat.c.SRAM ................. TOTAL Result Count = 0 (0)
RULECHECK Gat.d.SRAM ................. TOTAL Result Count = 0 (0)
RULECHECK pSD.a ...................... TOTAL Result Count = 0 (0)
RULECHECK pSD.b ...................... TOTAL Result Count = 0 (0)
RULECHECK pSD.c ...................... TOTAL Result Count = 0 (0)
RULECHECK pSD.c1 ..................... TOTAL Result Count = 0 (0)
RULECHECK pSD.d ...................... TOTAL Result Count = 0 (0)
RULECHECK pSD.d1 ..................... TOTAL Result Count = 0 (0)
RULECHECK pSD.e ...................... TOTAL Result Count = 0 (0)
RULECHECK pSD.f ...................... TOTAL Result Count = 0 (0)
RULECHECK pSD.g ...................... TOTAL Result Count = 0 (0)
RULECHECK pSD.i ...................... TOTAL Result Count = 0 (0)
RULECHECK pSD.i1 ..................... TOTAL Result Count = 0 (0)
RULECHECK pSD.j ...................... TOTAL Result Count = 0 (0)
RULECHECK pSD.j1 ..................... TOTAL Result Count = 0 (0)
RULECHECK pSD.k ...................... TOTAL Result Count = 0 (0)
RULECHECK pSD.l ...................... TOTAL Result Count = 0 (0)
RULECHECK pSD.m ...................... TOTAL Result Count = 0 (0)
RULECHECK pSD.n ...................... TOTAL Result Count = 0 (0)
RULECHECK pSD.e.SRAM ................. TOTAL Result Count = 0 (0)
RULECHECK pSD.g.SRAM ................. TOTAL Result Count = 0 (0)
RULECHECK pSD.i.SRAM ................. TOTAL Result Count = 0 (0)
RULECHECK pSD.j.SRAM ................. TOTAL Result Count = 0 (0)
RULECHECK nSDB.a ..................... TOTAL Result Count = 0 (0)
RULECHECK nSDB.b ..................... TOTAL Result Count = 0 (0)
RULECHECK nSDB.c ..................... TOTAL Result Count = 0 (0)
RULECHECK nSDB.e ..................... TOTAL Result Count = 0 (0)
RULECHECK EXTB.a ..................... TOTAL Result Count = 0 (0)
RULECHECK EXTB.b ..................... TOTAL Result Count = 0 (0)
RULECHECK EXTB.c ..................... TOTAL Result Count = 0 (0)
RULECHECK Sal.a ...................... TOTAL Result Count = 0 (0)
RULECHECK Sal.b ...................... TOTAL Result Count = 0 (0)
RULECHECK Sal.c ...................... TOTAL Result Count = 0 (0)
RULECHECK Sal.d ...................... TOTAL Result Count = 0 (0)
RULECHECK Sal.e ...................... TOTAL Result Count = 0 (0)
RULECHECK Cnt.a ...................... TOTAL Result Count = 0 (0)
RULECHECK Cnt.b ...................... TOTAL Result Count = 0 (0)
RULECHECK Cnt.b1 ..................... TOTAL Result Count = 0 (0)
RULECHECK Cnt.c ...................... TOTAL Result Count = 0 (0)
RULECHECK Cnt.d ...................... TOTAL Result Count = 0 (0)
RULECHECK Cnt.e ...................... TOTAL Result Count = 0 (0)
RULECHECK Cnt.f ...................... TOTAL Result Count = 0 (0)
RULECHECK Cnt.g ...................... TOTAL Result Count = 0 (0)
RULECHECK Cnt.g1 ..................... TOTAL Result Count = 0 (0)
RULECHECK Cnt.g2 ..................... TOTAL Result Count = 0 (0)
RULECHECK Cnt.h ...................... TOTAL Result Count = 0 (0)
RULECHECK Cnt.j ...................... TOTAL Result Count = 0 (0)
RULECHECK Cnt.c.DigiBnd .............. TOTAL Result Count = 0 (0)
RULECHECK Cnt.c.SRAM ................. TOTAL Result Count = 0 (0)
RULECHECK Cnt.d.SRAM ................. TOTAL Result Count = 0 (0)
RULECHECK Cnt.f.SRAM ................. TOTAL Result Count = 0 (0)
RULECHECK Cnt.g2.SRAM ................ TOTAL Result Count = 0 (0)
RULECHECK CntB.a ..................... TOTAL Result Count = 0 (0)
RULECHECK CntB.a1 .................... TOTAL Result Count = 0 (0)
RULECHECK CntB.b ..................... TOTAL Result Count = 0 (0)
RULECHECK CntB.b1 .................... TOTAL Result Count = 0 (0)
RULECHECK CntB.b2 .................... TOTAL Result Count = 0 (0)
RULECHECK CntB.c ..................... TOTAL Result Count = 0 (0)
RULECHECK CntB.d ..................... TOTAL Result Count = 0 (0)
RULECHECK CntB.e ..................... TOTAL Result Count = 0 (0)
RULECHECK CntB.f ..................... TOTAL Result Count = 0 (0)
RULECHECK CntB.g ..................... TOTAL Result Count = 0 (0)
RULECHECK CntB.g1 .................... TOTAL Result Count = 0 (0)
RULECHECK CntB.g2 .................... TOTAL Result Count = 0 (0)
RULECHECK CntB.h ..................... TOTAL Result Count = 0 (0)
RULECHECK CntB.h1 .................... TOTAL Result Count = 0 (0)
RULECHECK CntB.j ..................... TOTAL Result Count = 0 (0)
RULECHECK M1.a ....................... TOTAL Result Count = 0 (0)
RULECHECK M1.b ....................... TOTAL Result Count = 0 (0)
RULECHECK M1.c ....................... TOTAL Result Count = 0 (0)
RULECHECK M1.c1 ...................... TOTAL Result Count = 0 (0)
RULECHECK M1.d ....................... TOTAL Result Count = 0 (0)
RULECHECK M1.e ....................... TOTAL Result Count = 0 (0)
RULECHECK M1.f ....................... TOTAL Result Count = 0 (0)
RULECHECK M1.g ....................... TOTAL Result Count = 0 (0)
RULECHECK M1.i ....................... TOTAL Result Count = 0 (0)
RULECHECK M1.b.SRAM .................. TOTAL Result Count = 0 (0)
RULECHECK M1.c1.SRAM ................. TOTAL Result Count = 0 (0)
RULECHECK M1.i.SRAM .................. TOTAL Result Count = 0 (0)
RULECHECK M2.a ....................... TOTAL Result Count = 0 (0)
RULECHECK M2.b ....................... TOTAL Result Count = 0 (0)
RULECHECK M2.c ....................... TOTAL Result Count = 0 (0)
RULECHECK M2.c1 ...................... TOTAL Result Count = 0 (0)
RULECHECK M2.d ....................... TOTAL Result Count = 0 (0)
RULECHECK M2.e ....................... TOTAL Result Count = 0 (0)
RULECHECK M2.f ....................... TOTAL Result Count = 0 (0)
RULECHECK M2.g ....................... TOTAL Result Count = 0 (0)
RULECHECK M2.i ....................... TOTAL Result Count = 0 (0)
RULECHECK M2.b.SRAM .................. TOTAL Result Count = 0 (0)
RULECHECK M2.c1.SRAM ................. TOTAL Result Count = 0 (0)
RULECHECK M3.a ....................... TOTAL Result Count = 0 (0)
RULECHECK M3.b ....................... TOTAL Result Count = 0 (0)
RULECHECK M3.c ....................... TOTAL Result Count = 0 (0)
RULECHECK M3.c1 ...................... TOTAL Result Count = 0 (0)
RULECHECK M3.d ....................... TOTAL Result Count = 0 (0)
RULECHECK M3.e ....................... TOTAL Result Count = 0 (0)
RULECHECK M3.f ....................... TOTAL Result Count = 0 (0)
RULECHECK M3.g ....................... TOTAL Result Count = 0 (0)
RULECHECK M3.i ....................... TOTAL Result Count = 0 (0)
RULECHECK M3.b.SRAM .................. TOTAL Result Count = 0 (0)
RULECHECK M3.c1.SRAM ................. TOTAL Result Count = 0 (0)
RULECHECK M4.a ....................... TOTAL Result Count = 0 (0)
RULECHECK M4.b ....................... TOTAL Result Count = 0 (0)
RULECHECK M4.c ....................... TOTAL Result Count = 0 (0)
RULECHECK M4.c1 ...................... TOTAL Result Count = 0 (0)
RULECHECK M4.d ....................... TOTAL Result Count = 0 (0)
RULECHECK M4.e ....................... TOTAL Result Count = 0 (0)
RULECHECK M4.f ....................... TOTAL Result Count = 0 (0)
RULECHECK M4.g ....................... TOTAL Result Count = 0 (0)
RULECHECK M4.i ....................... TOTAL Result Count = 0 (0)
RULECHECK M4.b.SRAM .................. TOTAL Result Count = 0 (0)
RULECHECK M4.c1.SRAM ................. TOTAL Result Count = 0 (0)
RULECHECK M5.a ....................... TOTAL Result Count = 0 (0)
RULECHECK M5.b ....................... TOTAL Result Count = 0 (0)
RULECHECK M5.c ....................... TOTAL Result Count = 0 (0)
RULECHECK M5.c1 ...................... TOTAL Result Count = 0 (0)
RULECHECK M5.d ....................... TOTAL Result Count = 0 (0)
RULECHECK M5.e ....................... TOTAL Result Count = 0 (0)
RULECHECK M5.f ....................... TOTAL Result Count = 0 (0)
RULECHECK M5.g ....................... TOTAL Result Count = 0 (0)
RULECHECK M5.i ....................... TOTAL Result Count = 0 (0)
RULECHECK M5.b.SRAM .................. TOTAL Result Count = 0 (0)
RULECHECK M5.c1.SRAM ................. TOTAL Result Count = 0 (0)
RULECHECK V1.a ....................... TOTAL Result Count = 0 (0)
RULECHECK V1.b ....................... TOTAL Result Count = 0 (0)
RULECHECK V1.b1 ...................... TOTAL Result Count = 0 (0)
RULECHECK V1.c ....................... TOTAL Result Count = 0 (0)
RULECHECK V1.c1 ...................... TOTAL Result Count = 0 (0)
RULECHECK V1.c1.SRAM ................. TOTAL Result Count = 0 (0)
RULECHECK V2.a ....................... TOTAL Result Count = 0 (0)
RULECHECK V2.b ....................... TOTAL Result Count = 0 (0)
RULECHECK V2.b1 ...................... TOTAL Result Count = 0 (0)
RULECHECK V2.c ....................... TOTAL Result Count = 0 (0)
RULECHECK V2.c1 ...................... TOTAL Result Count = 0 (0)
RULECHECK V2.c1.SRAM ................. TOTAL Result Count = 0 (0)
RULECHECK V3.a ....................... TOTAL Result Count = 0 (0)
RULECHECK V3.b ....................... TOTAL Result Count = 0 (0)
RULECHECK V3.b1 ...................... TOTAL Result Count = 0 (0)
RULECHECK V3.c ....................... TOTAL Result Count = 0 (0)
RULECHECK V3.c1 ...................... TOTAL Result Count = 0 (0)
RULECHECK V3.c1.SRAM ................. TOTAL Result Count = 0 (0)
RULECHECK V4.a ....................... TOTAL Result Count = 0 (0)
RULECHECK V4.b ....................... TOTAL Result Count = 0 (0)
RULECHECK V4.b1 ...................... TOTAL Result Count = 0 (0)
RULECHECK V4.c ....................... TOTAL Result Count = 0 (0)
RULECHECK V4.c1 ...................... TOTAL Result Count = 0 (0)
RULECHECK V4.c1.SRAM ................. TOTAL Result Count = 0 (0)
RULECHECK TV1.a ...................... TOTAL Result Count = 0 (0)
RULECHECK TV1.b ...................... TOTAL Result Count = 0 (0)
RULECHECK TV1.c ...................... TOTAL Result Count = 0 (0)
RULECHECK TV1.d ...................... TOTAL Result Count = 0 (0)
RULECHECK TM1.a ...................... TOTAL Result Count = 0 (0)
RULECHECK TM1.b ...................... TOTAL Result Count = 0 (0)
RULECHECK TM2.a ...................... TOTAL Result Count = 0 (0)
RULECHECK TM2.b ...................... TOTAL Result Count = 0 (0)
RULECHECK TV2.a ...................... TOTAL Result Count = 0 (0)
RULECHECK TV2.b ...................... TOTAL Result Count = 0 (0)
RULECHECK TV2.c ...................... TOTAL Result Count = 0 (0)
RULECHECK TV2.d ...................... TOTAL Result Count = 0 (0)
RULECHECK Pas.a ...................... TOTAL Result Count = 0 (0)
RULECHECK Pas.b ...................... TOTAL Result Count = 0 (0)
RULECHECK Pas.c ...................... TOTAL Result Count = 0 (0)
RULECHECK MIM.a ...................... TOTAL Result Count = 0 (0)
RULECHECK MIM.b ...................... TOTAL Result Count = 0 (0)
RULECHECK MIM.c ...................... TOTAL Result Count = 0 (0)
RULECHECK MIM.d ...................... TOTAL Result Count = 0 (0)
RULECHECK MIM.e ...................... TOTAL Result Count = 0 (0)
RULECHECK MIM.f ...................... TOTAL Result Count = 0 (0)
RULECHECK MIM.g ...................... TOTAL Result Count = 0 (0)
RULECHECK MIM.h ...................... TOTAL Result Count = 0 (0)
RULECHECK Pad.a1 ..................... TOTAL Result Count = 0 (0)
RULECHECK Pad.d ...................... TOTAL Result Count = 0 (0)
RULECHECK Pad.i ...................... TOTAL Result Count = 0 (0)
RULECHECK Padb.a ..................... TOTAL Result Count = 0 (0)
RULECHECK Padb.b ..................... TOTAL Result Count = 0 (0)
RULECHECK Padb.c ..................... TOTAL Result Count = 0 (0)
RULECHECK Padb.d ..................... TOTAL Result Count = 0 (0)
RULECHECK Padc.a ..................... TOTAL Result Count = 0 (0)
RULECHECK Padc.b ..................... TOTAL Result Count = 0 (0)
RULECHECK Padc.c ..................... TOTAL Result Count = 0 (0)
RULECHECK Padc.d ..................... TOTAL Result Count = 0 (0)
RULECHECK LU.a ....................... TOTAL Result Count = 0 (0)
RULECHECK LU.b ....................... TOTAL Result Count = 0 (0)
RULECHECK LU.c ....................... TOTAL Result Count = 0 (0)
RULECHECK LU.c1 ...................... TOTAL Result Count = 0 (0)
RULECHECK LU.d ....................... TOTAL Result Count = 0 (0)
RULECHECK LU.d1 ...................... TOTAL Result Count = 0 (0)
RULECHECK Slt.a_M1 ................... TOTAL Result Count = 0 (0)
RULECHECK Slt.b_M1 ................... TOTAL Result Count = 0 (0)
RULECHECK Slt.c_M1 ................... TOTAL Result Count = 0 (0)
RULECHECK Slt.e_M1 ................... TOTAL Result Count = 0 (0)
RULECHECK Slt.e1_M1 .................. TOTAL Result Count = 0 (0)
RULECHECK Slt.f_M1 ................... TOTAL Result Count = 0 (0)
RULECHECK Slt.h1 ..................... TOTAL Result Count = 0 (0)
RULECHECK Slt.a_M2 ................... TOTAL Result Count = 0 (0)
RULECHECK Slt.b_M2 ................... TOTAL Result Count = 0 (0)
RULECHECK Slt.c_M2 ................... TOTAL Result Count = 0 (0)
RULECHECK Slt.e_M2 ................... TOTAL Result Count = 0 (0)
RULECHECK Slt.e1_M2 .................. TOTAL Result Count = 0 (0)
RULECHECK Slt.f_M2 ................... TOTAL Result Count = 0 (0)
RULECHECK Slt.h2_M2 .................. TOTAL Result Count = 0 (0)
RULECHECK Slt.a_M3 ................... TOTAL Result Count = 0 (0)
RULECHECK Slt.b_M3 ................... TOTAL Result Count = 0 (0)
RULECHECK Slt.c_M3 ................... TOTAL Result Count = 0 (0)
RULECHECK Slt.e_M3 ................... TOTAL Result Count = 0 (0)
RULECHECK Slt.e1_M3 .................. TOTAL Result Count = 0 (0)
RULECHECK Slt.f_M3 ................... TOTAL Result Count = 0 (0)
RULECHECK Slt.h2_M3 .................. TOTAL Result Count = 0 (0)
RULECHECK Slt.a_M4 ................... TOTAL Result Count = 0 (0)
RULECHECK Slt.b_M4 ................... TOTAL Result Count = 0 (0)
RULECHECK Slt.c_M4 ................... TOTAL Result Count = 0 (0)
RULECHECK Slt.e_M4 ................... TOTAL Result Count = 0 (0)
RULECHECK Slt.e1_M4 .................. TOTAL Result Count = 0 (0)
RULECHECK Slt.f_M4 ................... TOTAL Result Count = 0 (0)
RULECHECK Slt.h2_M4 .................. TOTAL Result Count = 0 (0)
RULECHECK Slt.a_M5 ................... TOTAL Result Count = 0 (0)
RULECHECK Slt.b_M5 ................... TOTAL Result Count = 0 (0)
RULECHECK Slt.c_M5 ................... TOTAL Result Count = 0 (0)
RULECHECK Slt.e_M5 ................... TOTAL Result Count = 0 (0)
RULECHECK Slt.e1_M5 .................. TOTAL Result Count = 0 (0)
RULECHECK Slt.f_M5 ................... TOTAL Result Count = 0 (0)
RULECHECK Slt.h2_M5 .................. TOTAL Result Count = 0 (0)
RULECHECK Slt.a_TM1 .................. TOTAL Result Count = 0 (0)
RULECHECK Slt.b_TM1 .................. TOTAL Result Count = 0 (0)
RULECHECK Slt.c_TM1 .................. TOTAL Result Count = 0 (0)
RULECHECK Slt.e_TM1 .................. TOTAL Result Count = 0 (0)
RULECHECK Slt.e1_TM1 ................. TOTAL Result Count = 0 (0)
RULECHECK Slt.f_TM1 .................. TOTAL Result Count = 0 (0)
RULECHECK Slt.h3 ..................... TOTAL Result Count = 0 (0)
RULECHECK Slt.a_TM2 .................. TOTAL Result Count = 0 (0)
RULECHECK Slt.b_TM2 .................. TOTAL Result Count = 0 (0)
RULECHECK Slt.c_TM2 .................. TOTAL Result Count = 0 (0)
RULECHECK Slt.e_TM2 .................. TOTAL Result Count = 0 (0)
RULECHECK Slt.e1_TM2 ................. TOTAL Result Count = 0 (0)
RULECHECK Slt.f_TM2 .................. TOTAL Result Count = 0 (0)
RULECHECK Slt.h4 ..................... TOTAL Result Count = 0 (0)
RULECHECK Slt.g_M5 ................... TOTAL Result Count = 0 (0)
RULECHECK Slt.g_TM1 .................. TOTAL Result Count = 0 (0)
RULECHECK Rsil.a ..................... TOTAL Result Count = 0 (0)
RULECHECK Rsil.b ..................... TOTAL Result Count = 0 (0)
RULECHECK Rsil.c ..................... TOTAL Result Count = 0 (0)
RULECHECK Rsil.d ..................... TOTAL Result Count = 0 (0)
RULECHECK Rsil.e ..................... TOTAL Result Count = 0 (0)
RULECHECK Rsil.f ..................... TOTAL Result Count = 0 (0)
RULECHECK Rppd.a ..................... TOTAL Result Count = 0 (0)
RULECHECK Rppd.b ..................... TOTAL Result Count = 0 (0)
RULECHECK Rppd.c ..................... TOTAL Result Count = 0 (0)
RULECHECK Rppd.d ..................... TOTAL Result Count = 0 (0)
RULECHECK Rppd.e ..................... TOTAL Result Count = 0 (0)
RULECHECK Rhi.a ...................... TOTAL Result Count = 0 (0)
RULECHECK Rhi.b ...................... TOTAL Result Count = 0 (0)
RULECHECK Rhi.c ...................... TOTAL Result Count = 0 (0)
RULECHECK Rhi.d ...................... TOTAL Result Count = 0 (0)
RULECHECK Rhi.e ...................... TOTAL Result Count = 0 (0)
RULECHECK Rhi.f ...................... TOTAL Result Count = 0 (0)
RULECHECK nmosi.b .................... TOTAL Result Count = 0 (0)
RULECHECK nmosi.c .................... TOTAL Result Count = 0 (0)
RULECHECK nmosi.d .................... TOTAL Result Count = 0 (0)
RULECHECK nmosi.e1 ................... TOTAL Result Count = 0 (0)
RULECHECK nmosi.e2 ................... TOTAL Result Count = 0 (0)
RULECHECK nmosi.f .................... TOTAL Result Count = 0 (0)
RULECHECK nmosi.g .................... TOTAL Result Count = 0 (0)
RULECHECK Sdiod.a .................... TOTAL Result Count = 0 (0)
RULECHECK Sdiod.b .................... TOTAL Result Count = 0 (0)
RULECHECK Sdiod.c .................... TOTAL Result Count = 0 (0)
RULECHECK Sdiod.d .................... TOTAL Result Count = 0 (0)
RULECHECK Sdiod.e .................... TOTAL Result Count = 0 (0)
RULECHECK npnG2.b .................... TOTAL Result Count = 0 (0)
RULECHECK npnG2.c .................... TOTAL Result Count = 0 (0)
RULECHECK npnG2.d .................... TOTAL Result Count = 0 (0)
RULECHECK npnG2.d1 ................... TOTAL Result Count = 0 (0)
RULECHECK npnG2.d2 ................... TOTAL Result Count = 0 (0)
RULECHECK npnG2.e .................... TOTAL Result Count = 0 (0)
RULECHECK npn13G2.a .................. TOTAL Result Count = 0 (0)
RULECHECK npn13G2L.a ................. TOTAL Result Count = 0 (0)
RULECHECK npn13G2L.b ................. TOTAL Result Count = 0 (0)
RULECHECK npn13G2V.a ................. TOTAL Result Count = 0 (0)
RULECHECK npn13G2V.b ................. TOTAL Result Count = 0 (0)
RULECHECK Seal.a_Activ ............... TOTAL Result Count = 0 (0)
RULECHECK Seal.b_Activ ............... TOTAL Result Count = 0 (0)
RULECHECK Seal.f_Activ ............... TOTAL Result Count = 0 (0)
RULECHECK Seal.a_pSD ................. TOTAL Result Count = 0 (0)
RULECHECK Seal.b_pSD ................. TOTAL Result Count = 0 (0)
RULECHECK Seal.a_Metal1 .............. TOTAL Result Count = 0 (0)
RULECHECK Seal.b_Metal1 .............. TOTAL Result Count = 0 (0)
RULECHECK Seal.f_Metal1 .............. TOTAL Result Count = 0 (0)
RULECHECK Seal.a_Metal2 .............. TOTAL Result Count = 0 (0)
RULECHECK Seal.b_Metal2 .............. TOTAL Result Count = 0 (0)
RULECHECK Seal.f_Metal2 .............. TOTAL Result Count = 0 (0)
RULECHECK Seal.a_Metal3 .............. TOTAL Result Count = 0 (0)
RULECHECK Seal.b_Metal3 .............. TOTAL Result Count = 0 (0)
RULECHECK Seal.f_Metal3 .............. TOTAL Result Count = 0 (0)
RULECHECK Seal.a_Metal4 .............. TOTAL Result Count = 0 (0)
RULECHECK Seal.b_Metal4 .............. TOTAL Result Count = 0 (0)
RULECHECK Seal.f_Metal4 .............. TOTAL Result Count = 0 (0)
RULECHECK Seal.a_Metal5 .............. TOTAL Result Count = 0 (0)
RULECHECK Seal.b_Metal5 .............. TOTAL Result Count = 0 (0)
RULECHECK Seal.f_Metal5 .............. TOTAL Result Count = 0 (0)
RULECHECK Seal.a_TopMetal1 ........... TOTAL Result Count = 0 (0)
RULECHECK Seal.b_TopMetal1 ........... TOTAL Result Count = 0 (0)
RULECHECK Seal.f_TopMetal1 ........... TOTAL Result Count = 0 (0)
RULECHECK Seal.a_TopMetal2 ........... TOTAL Result Count = 0 (0)
RULECHECK Seal.b_TopMetal2 ........... TOTAL Result Count = 0 (0)
RULECHECK Seal.f_TopMetal2 ........... TOTAL Result Count = 0 (0)
RULECHECK Seal.c ..................... TOTAL Result Count = 0 (0)
RULECHECK Seal.d_Cont ................ TOTAL Result Count = 0 (0)
RULECHECK Seal.c1_Via1 ............... TOTAL Result Count = 0 (0)
RULECHECK Seal.d_Via1 ................ TOTAL Result Count = 0 (0)
RULECHECK Seal.c1_Via2 ............... TOTAL Result Count = 0 (0)
RULECHECK Seal.d_Via2 ................ TOTAL Result Count = 0 (0)
RULECHECK Seal.c1_Via3 ............... TOTAL Result Count = 0 (0)
RULECHECK Seal.d_Via3 ................ TOTAL Result Count = 0 (0)
RULECHECK Seal.c1_Via4 ............... TOTAL Result Count = 0 (0)
RULECHECK Seal.d_Via4 ................ TOTAL Result Count = 0 (0)
RULECHECK Seal.c2 .................... TOTAL Result Count = 0 (0)
RULECHECK Seal.d_TopVia1 ............. TOTAL Result Count = 0 (0)
RULECHECK Seal.c3 .................... TOTAL Result Count = 0 (0)
RULECHECK Seal.d_TopVia2 ............. TOTAL Result Count = 0 (0)
RULECHECK Seal.e ..................... TOTAL Result Count = 0 (0)
RULECHECK Seal.k ..................... TOTAL Result Count = 0 (0)
RULECHECK Seal.l ..................... TOTAL Result Count = 0 (0)
RULECHECK Seal.m ..................... TOTAL Result Count = 0 (0)
RULECHECK LBE.a ...................... TOTAL Result Count = 0 (0)
RULECHECK LBE.b ...................... TOTAL Result Count = 0 (0)
RULECHECK LBE.b1 ..................... TOTAL Result Count = 0 (0)
RULECHECK LBE.b2 ..................... TOTAL Result Count = 0 (0)
RULECHECK LBE.c ...................... TOTAL Result Count = 0 (0)
RULECHECK LBE.d ...................... TOTAL Result Count = 0 (0)
RULECHECK LBE.e ...................... TOTAL Result Count = 0 (0)
RULECHECK LBE.f ...................... TOTAL Result Count = 0 (0)
RULECHECK LBE.h ...................... TOTAL Result Count = 0 (0)
RULECHECK TSV_G.a .................... TOTAL Result Count = 0 (0)
RULECHECK TSV_G.b .................... TOTAL Result Count = 0 (0)
RULECHECK TSV_G.c .................... TOTAL Result Count = 0 (0)
RULECHECK TSV_G.d .................... TOTAL Result Count = 0 (0)
RULECHECK TSV_G.e .................... TOTAL Result Count = 0 (0)
RULECHECK TSV_G.f .................... TOTAL Result Count = 0 (0)
RULECHECK TSV_G.g .................... TOTAL Result Count = 0 (0)
RULECHECK Non90_Cont ................. TOTAL Result Count = 0 (0)
RULECHECK acutAngle_NWell ............ TOTAL Result Count = 0 (0)
RULECHECK acutAngle_PWell ............ TOTAL Result Count = 0 (0)
RULECHECK acutAngle_PWell_block ...... TOTAL Result Count = 0 (0)
RULECHECK acutAngle_nBuLay ........... TOTAL Result Count = 0 (0)
RULECHECK acutAngle_nBuLay_block ..... TOTAL Result Count = 0 (0)
RULECHECK acutAngle_Activ ............ TOTAL Result Count = 0 (0)
RULECHECK acutAngle_ThickGateOx ...... TOTAL Result Count = 0 (0)
RULECHECK acutAngle_GatPoly .......... TOTAL Result Count = 0 (0)
RULECHECK acutAngle_pSD .............. TOTAL Result Count = 0 (0)
RULECHECK acutAngle_nSD .............. TOTAL Result Count = 0 (0)
RULECHECK acutAngle_nSD_block ........ TOTAL Result Count = 0 (0)
RULECHECK acutAngle_EXTBlock ......... TOTAL Result Count = 0 (0)
RULECHECK acutAngle_SalBlock ......... TOTAL Result Count = 0 (0)
RULECHECK acutAngle_Cont ............. TOTAL Result Count = 0 (0)
RULECHECK Non90_Via1 ................. TOTAL Result Count = 0 (0)
RULECHECK Non90_Via2 ................. TOTAL Result Count = 0 (0)
RULECHECK Non90_Via3 ................. TOTAL Result Count = 0 (0)
RULECHECK Non90_Via4 ................. TOTAL Result Count = 0 (0)
RULECHECK Non90_Vmim ................. TOTAL Result Count = 0 (0)
RULECHECK Non90_TopVia1 .............. TOTAL Result Count = 0 (0)
RULECHECK Non90_TopVia2 .............. TOTAL Result Count = 0 (0)
RULECHECK acutAngle_Metal1 ........... TOTAL Result Count = 0 (0)
RULECHECK acutAngle_Via1 ............. TOTAL Result Count = 0 (0)
RULECHECK acutAngle_Metal2 ........... TOTAL Result Count = 0 (0)
RULECHECK acutAngle_Via2 ............. TOTAL Result Count = 0 (0)
RULECHECK acutAngle_Metal3 ........... TOTAL Result Count = 0 (0)
RULECHECK acutAngle_Via3 ............. TOTAL Result Count = 0 (0)
RULECHECK acutAngle_Metal4 ........... TOTAL Result Count = 0 (0)
RULECHECK acutAngle_Via4 ............. TOTAL Result Count = 0 (0)
RULECHECK acutAngle_Metal5 ........... TOTAL Result Count = 0 (0)
RULECHECK acutAngle_TopVia1 .......... TOTAL Result Count = 0 (0)
RULECHECK acutAngle_TopMetal1 ........ TOTAL Result Count = 0 (0)
RULECHECK acutAngle_TopVia2 .......... TOTAL Result Count = 0 (0)
RULECHECK acutAngle_Vmim ............. TOTAL Result Count = 0 (0)
RULECHECK acutAngle_TopMetal2 ........ TOTAL Result Count = 0 (0)
RULECHECK acutAngle_Passiv ........... TOTAL Result Count = 0 (0)
RULECHECK acutAngle_MIM .............. TOTAL Result Count = 0 (0)
RULECHECK non45R_GatPoly ............. TOTAL Result Count = 0 (0)
RULECHECK non45R_Activ ............... TOTAL Result Count = 0 (0)
RULECHECK non45R_Metal1 .............. TOTAL Result Count = 0 (0)
RULECHECK non45R_Metal2 .............. TOTAL Result Count = 0 (0)
RULECHECK non45R_Metal3 .............. TOTAL Result Count = 0 (0)
RULECHECK non45R_Metal4 .............. TOTAL Result Count = 0 (0)
RULECHECK non45R_Metal5 .............. TOTAL Result Count = 0 (0)
RULECHECK non45R_TopMetal1 ........... TOTAL Result Count = 0 (0)
RULECHECK non45R_TopMetal2 ........... TOTAL Result Count = 0 (0)
RULECHECK acutAngle_PolyRes .......... TOTAL Result Count = 0 (0)
RULECHECK acutAngle_EdgeSeal ......... TOTAL Result Count = 0 (0)
RULECHECK acutAngle_EmWind ........... TOTAL Result Count = 0 (0)
RULECHECK acutAngle_dfpad ............ TOTAL Result Count = 0 (0)
RULECHECK acutAngle_dfpad_pillar ..... TOTAL Result Count = 0 (0)
RULECHECK acutAngle_dfpad_sbump ...... TOTAL Result Count = 0 (0)
RULECHECK acutAngle_Polimide ......... TOTAL Result Count = 0 (0)
RULECHECK acutAngle_TRANS ............ TOTAL Result Count = 0 (0)
RULECHECK acutAngle_IND .............. TOTAL Result Count = 0 (0)
RULECHECK acutAngle_RES .............. TOTAL Result Count = 0 (0)
RULECHECK acutAngle_DeepVia .......... TOTAL Result Count = 0 (0)
RULECHECK acutAngle_LBE .............. TOTAL Result Count = 0 (0)
RULECHECK acutAngle_Recog_diode ...... TOTAL Result Count = 0 (0)
RULECHECK acutAngle_Recog_esd ........ TOTAL Result Count = 0 (0)
RULECHECK acutAngle_Recog_tsv ........ TOTAL Result Count = 0 (0)
RULECHECK acutAngle_DigiBnd .......... TOTAL Result Count = 0 (0)
RULECHECK acutAngle_DigiSub .......... TOTAL Result Count = 0 (0)
RULECHECK acutAngle_Substrate ........ TOTAL Result Count = 0 (0)
RULECHECK acutAngle_SRAM ............. TOTAL Result Count = 0 (0)
RULECHECK OffGrid.NWell .............. TOTAL Result Count = 0 (0)
RULECHECK OffGrid.PWell .............. TOTAL Result Count = 0 (0)
RULECHECK OffGrid.PWell_block ........ TOTAL Result Count = 0 (0)
RULECHECK OffGrid.nBuLay ............. TOTAL Result Count = 0 (0)
RULECHECK OffGrid.nBuLay_block ....... TOTAL Result Count = 0 (0)
RULECHECK OffGrid.Activ .............. TOTAL Result Count = 0 (0)
RULECHECK OffGrid.ThickGateOx ........ TOTAL Result Count = 0 (0)
RULECHECK OffGrid.Activ_filler ....... TOTAL Result Count = 0 (0)
RULECHECK OffGrid.GatPoly_filler ..... TOTAL Result Count = 0 (0)
RULECHECK OffGrid.GatPoly ............ TOTAL Result Count = 0 (0)
RULECHECK OffGrid.pSD ................ TOTAL Result Count = 0 (0)
RULECHECK OffGrid.nSD ................ TOTAL Result Count = 0 (0)
RULECHECK OffGrid.nSD_block .......... TOTAL Result Count = 0 (0)
RULECHECK OffGrid.EXTBlock ........... TOTAL Result Count = 0 (0)
RULECHECK OffGrid.SalBlock ........... TOTAL Result Count = 0 (0)
RULECHECK OffGrid.Cont ............... TOTAL Result Count = 0 (0)
RULECHECK OffGrid.Activ_nofill ....... TOTAL Result Count = 0 (0)
RULECHECK OffGrid.GatPoly_nofill ..... TOTAL Result Count = 0 (0)
RULECHECK OffGrid.Metal1 ............. TOTAL Result Count = 0 (0)
RULECHECK OffGrid.Via1 ............... TOTAL Result Count = 0 (0)
RULECHECK OffGrid.Metal2 ............. TOTAL Result Count = 0 (0)
RULECHECK OffGrid.Via2 ............... TOTAL Result Count = 0 (0)
RULECHECK OffGrid.Metal3 ............. TOTAL Result Count = 0 (0)
RULECHECK OffGrid.Via3 ............... TOTAL Result Count = 0 (0)
RULECHECK OffGrid.Metal4 ............. TOTAL Result Count = 0 (0)
RULECHECK OffGrid.Via4 ............... TOTAL Result Count = 0 (0)
RULECHECK OffGrid.Metal5 ............. TOTAL Result Count = 0 (0)
RULECHECK OffGrid.MIM ................ TOTAL Result Count = 0 (0)
RULECHECK OffGrid.Vmim ............... TOTAL Result Count = 0 (0)
RULECHECK OffGrid.TopVia1 ............ TOTAL Result Count = 0 (0)
RULECHECK OffGrid.TopMetal1 .......... TOTAL Result Count = 0 (0)
RULECHECK OffGrid.TopVia2 ............ TOTAL Result Count = 0 (0)
RULECHECK OffGrid.TopMetal2 .......... TOTAL Result Count = 0 (0)
RULECHECK OffGrid.Passiv ............. TOTAL Result Count = 0 (0)
RULECHECK OffGrid.Metal1_filler ...... TOTAL Result Count = 0 (0)
RULECHECK OffGrid.Metal2_filler ...... TOTAL Result Count = 0 (0)
RULECHECK OffGrid.Metal3_filler ...... TOTAL Result Count = 0 (0)
RULECHECK OffGrid.Metal4_filler ...... TOTAL Result Count = 0 (0)
RULECHECK OffGrid.Metal5_filler ...... TOTAL Result Count = 0 (0)
RULECHECK OffGrid.TopMetal1_filler ... TOTAL Result Count = 0 (0)
RULECHECK OffGrid.TopMetal2_filler ... TOTAL Result Count = 0 (0)
RULECHECK OffGrid.Metal1_nofill ...... TOTAL Result Count = 0 (0)
RULECHECK OffGrid.Metal2_nofill ...... TOTAL Result Count = 0 (0)
RULECHECK OffGrid.Metal3_nofill ...... TOTAL Result Count = 0 (0)
RULECHECK OffGrid.Metal4_nofill ...... TOTAL Result Count = 0 (0)
RULECHECK OffGrid.Metal5_nofill ...... TOTAL Result Count = 0 (0)
RULECHECK OffGrid.TopMetal1_nofill ... TOTAL Result Count = 0 (0)
RULECHECK OffGrid.TopMetal2_nofill ... TOTAL Result Count = 0 (0)
RULECHECK OffGrid.NoMetFiller ........ TOTAL Result Count = 0 (0)
RULECHECK OffGrid.Metal1_slit ........ TOTAL Result Count = 0 (0)
RULECHECK OffGrid.Metal2_slit ........ TOTAL Result Count = 0 (0)
RULECHECK OffGrid.Metal3_slit ........ TOTAL Result Count = 0 (0)
RULECHECK OffGrid.Metal4_slit ........ TOTAL Result Count = 0 (0)
RULECHECK OffGrid.Metal5_slit ........ TOTAL Result Count = 0 (0)
RULECHECK OffGrid.TopMetal1_slit ..... TOTAL Result Count = 0 (0)
RULECHECK OffGrid.TopMetal2_slit ..... TOTAL Result Count = 0 (0)
RULECHECK OffGrid.EdgeSeal ........... TOTAL Result Count = 0 (0)
RULECHECK OffGrid.EmWind ............. TOTAL Result Count = 0 (0)
RULECHECK OffGrid.dfpad .............. TOTAL Result Count = 0 (0)
RULECHECK OffGrid.Polimide ........... TOTAL Result Count = 0 (0)
RULECHECK OffGrid.TRANS .............. TOTAL Result Count = 0 (0)
RULECHECK OffGrid.IND ................ TOTAL Result Count = 0 (0)
RULECHECK OffGrid.RES ................ TOTAL Result Count = 0 (0)
RULECHECK OffGrid.Recog_diode ........ TOTAL Result Count = 0 (0)
RULECHECK OffGrid.Recog_esd .......... TOTAL Result Count = 0 (0)
RULECHECK OffGrid.DigiBnd ............ TOTAL Result Count = 0 (0)
RULECHECK OffGrid.DigiSub ............ TOTAL Result Count = 0 (0)
RULECHECK OffGrid.SRAM ............... TOTAL Result Count = 0 (0)
RULECHECK OffGrid.dfpad_pillar ....... TOTAL Result Count = 0 (0)
RULECHECK OffGrid.dfpad_sbump ........ TOTAL Result Count = 0 (0)
RULECHECK OffGrid.DeepVia ............ TOTAL Result Count = 0 (0)
RULECHECK OffGrid.LBE ................ TOTAL Result Count = 0 (0)
RULECHECK OffGrid.recog_tsv .......... TOTAL Result Count = 0 (0)
RULECHECK OffGrid.PolyRes ............ TOTAL Result Count = 0 (0)
RULECHECK AFil.a ..................... TOTAL Result Count = 0 (0)
RULECHECK AFil.a1 .................... TOTAL Result Count = 0 (0)
RULECHECK AFil.b ..................... TOTAL Result Count = 0 (0)
RULECHECK AFil.c ..................... TOTAL Result Count = 0 (0)
RULECHECK AFil.c1 .................... TOTAL Result Count = 0 (0)
RULECHECK AFil.d ..................... TOTAL Result Count = 0 (0)
RULECHECK AFil.e ..................... TOTAL Result Count = 0 (0)
RULECHECK AFil.i ..................... TOTAL Result Count = 0 (0)
RULECHECK AFil.j ..................... TOTAL Result Count = 0 (0)
RULECHECK GFil.a ..................... TOTAL Result Count = 0 (0)
RULECHECK GFil.b ..................... TOTAL Result Count = 0 (0)
RULECHECK GFil.c ..................... TOTAL Result Count = 0 (0)
RULECHECK GFil.d ..................... TOTAL Result Count = 0 (0)
RULECHECK GFil.e ..................... TOTAL Result Count = 0 (0)
RULECHECK GFil.f ..................... TOTAL Result Count = 0 (0)
RULECHECK GFil.i ..................... TOTAL Result Count = 0 (0)
RULECHECK GFil.j ..................... TOTAL Result Count = 0 (0)
RULECHECK M1Fil.a1 ................... TOTAL Result Count = 0 (0)
RULECHECK M1Fil.a2 ................... TOTAL Result Count = 0 (0)
RULECHECK M1Fil.b .................... TOTAL Result Count = 0 (0)
RULECHECK M1Fil.c .................... TOTAL Result Count = 0 (0)
RULECHECK M1Fil.d .................... TOTAL Result Count = 0 (0)
RULECHECK M2Fil.a1 ................... TOTAL Result Count = 0 (0)
RULECHECK M2Fil.a2 ................... TOTAL Result Count = 0 (0)
RULECHECK M2Fil.b .................... TOTAL Result Count = 0 (0)
RULECHECK M2Fil.c .................... TOTAL Result Count = 0 (0)
RULECHECK M2Fil.d .................... TOTAL Result Count = 0 (0)
RULECHECK M3Fil.a1 ................... TOTAL Result Count = 0 (0)
RULECHECK M3Fil.a2 ................... TOTAL Result Count = 0 (0)
RULECHECK M3Fil.b .................... TOTAL Result Count = 0 (0)
RULECHECK M3Fil.c .................... TOTAL Result Count = 0 (0)
RULECHECK M3Fil.d .................... TOTAL Result Count = 0 (0)
RULECHECK M4Fil.a1 ................... TOTAL Result Count = 0 (0)
RULECHECK M4Fil.a2 ................... TOTAL Result Count = 0 (0)
RULECHECK M4Fil.b .................... TOTAL Result Count = 0 (0)
RULECHECK M4Fil.c .................... TOTAL Result Count = 0 (0)
RULECHECK M4Fil.d .................... TOTAL Result Count = 0 (0)
RULECHECK M5Fil.a1 ................... TOTAL Result Count = 0 (0)
RULECHECK M5Fil.a2 ................... TOTAL Result Count = 0 (0)
RULECHECK M5Fil.b .................... TOTAL Result Count = 0 (0)
RULECHECK M5Fil.c .................... TOTAL Result Count = 0 (0)
RULECHECK M5Fil.d .................... TOTAL Result Count = 0 (0)
RULECHECK TM1Fil.a ................... TOTAL Result Count = 0 (0)
RULECHECK TM1Fil.a1 .................. TOTAL Result Count = 0 (0)
RULECHECK TM1Fil.b ................... TOTAL Result Count = 0 (0)
RULECHECK TM1Fil.c ................... TOTAL Result Count = 0 (0)
RULECHECK TM1Fil.d ................... TOTAL Result Count = 0 (0)
RULECHECK TM2Fil.a ................... TOTAL Result Count = 0 (0)
RULECHECK TM2Fil.a1 .................. TOTAL Result Count = 0 (0)
RULECHECK TM2Fil.b ................... TOTAL Result Count = 0 (0)
RULECHECK TM2Fil.c ................... TOTAL Result Count = 0 (0)
RULECHECK TM2Fil.d ................... TOTAL Result Count = 0 (0)
RULECHECK Ant.a ...................... TOTAL Result Count = 0 (0)
RULECHECK Ant.c ...................... TOTAL Result Count = 0 (0)
RULECHECK Ant.b_Metal1 ............... TOTAL Result Count = 0 (0)
RULECHECK Ant.e_Metal1 ............... TOTAL Result Count = 0 (0)
RULECHECK Ant.d_Via1 ................. TOTAL Result Count = 0 (0)
RULECHECK Ant.f_Via1 ................. TOTAL Result Count = 0 (0)
RULECHECK Ant.b_Metal2 ............... TOTAL Result Count = 0 (0)
RULECHECK Ant.e_Metal2 ............... TOTAL Result Count = 0 (0)
RULECHECK Ant.d_Via2 ................. TOTAL Result Count = 0 (0)
RULECHECK Ant.f_Via2 ................. TOTAL Result Count = 0 (0)
RULECHECK Ant.b_Metal3 ............... TOTAL Result Count = 0 (0)
RULECHECK Ant.e_Metal3 ............... TOTAL Result Count = 0 (0)
RULECHECK Ant.d_Via3 ................. TOTAL Result Count = 0 (0)
RULECHECK Ant.f_Via3 ................. TOTAL Result Count = 0 (0)
RULECHECK Ant.b_Metal4 ............... TOTAL Result Count = 0 (0)
RULECHECK Ant.e_Metal4 ............... TOTAL Result Count = 0 (0)
RULECHECK Ant.d_Via4 ................. TOTAL Result Count = 0 (0)
RULECHECK Ant.f_Via4 ................. TOTAL Result Count = 0 (0)
RULECHECK Ant.b_Metal5 ............... TOTAL Result Count = 0 (0)
RULECHECK Ant.e_Metal5 ............... TOTAL Result Count = 0 (0)
RULECHECK Ant.d_TopVia1 .............. TOTAL Result Count = 0 (0)
RULECHECK Ant.f_TopVia1 .............. TOTAL Result Count = 0 (0)
RULECHECK Ant.b_TopMetal1 ............ TOTAL Result Count = 0 (0)
RULECHECK Ant.e_TopMetal1 ............ TOTAL Result Count = 0 (0)
RULECHECK Ant.d_TopVia2 .............. TOTAL Result Count = 0 (0)
RULECHECK Ant.f_TopVia2 .............. TOTAL Result Count = 0 (0)
RULECHECK Ant.b_TopMetal2 ............ TOTAL Result Count = 0 (0)
RULECHECK Ant.e_TopMetal2 ............ TOTAL Result Count = 0 (0)
RULECHECK Ant.g ...................... TOTAL Result Count = 0 (0)
RULECHECK Pin.a ...................... TOTAL Result Count = 0 (0)
RULECHECK Pin.b ...................... TOTAL Result Count = 0 (0)
RULECHECK Pin.e ...................... TOTAL Result Count = 0 (0)
RULECHECK Pin.f_M2 ................... TOTAL Result Count = 0 (0)
RULECHECK Pin.f_M3 ................... TOTAL Result Count = 0 (0)
RULECHECK Pin.f_M4 ................... TOTAL Result Count = 0 (0)
RULECHECK Pin.f_M5 ................... TOTAL Result Count = 0 (0)
RULECHECK Pin.g ...................... TOTAL Result Count = 0 (0)
RULECHECK Pin.h ...................... TOTAL Result Count = 0 (0)
RULECHECK forbidden.BiWind ........... TOTAL Result Count = 0 (0)
RULECHECK forbidden.PEmWind .......... TOTAL Result Count = 0 (0)
RULECHECK forbidden.BasPoly .......... TOTAL Result Count = 0 (0)
RULECHECK forbidden.DeepCo ........... TOTAL Result Count = 0 (0)
RULECHECK forbidden.PEmPoly .......... TOTAL Result Count = 0 (0)
RULECHECK forbidden.EmPoly ........... TOTAL Result Count = 0 (0)
RULECHECK forbidden.LDMOS ............ TOTAL Result Count = 0 (0)
RULECHECK forbidden.PBiWind .......... TOTAL Result Count = 0 (0)
RULECHECK forbidden.NoDRC ............ TOTAL Result Count = 0 (0)
RULECHECK forbidden.Flash ............ TOTAL Result Count = 0 (0)
RULECHECK forbidden.ColWind .......... TOTAL Result Count = 0 (0)
----------------------------------------------------------------------------------
--- RULECHECK RESULTS STATISTICS (BY CELL)
---
----------------------------------------------------------------------------------
--- SUMMARY
---
TOTAL CPU Time:                  104
TOTAL REAL Time:                 16
TOTAL Original Layer Geometries: 4770615 (89344241)
TOTAL DRC RuleChecks Executed:   640
TOTAL DRC Results Generated:     0 (0)
