violation type: Horizontal congestion
	srcs: net:soc_gpio_i_12_ 
	congestion information: capacity:0 usage:1 overflow:1
	bbox = ( 2052, 489.6 ) - ( 2059.2, 496.8) on Layer -
violation type: Horizontal congestion
	srcs: net:soc_gpio_i_13_ 
	congestion information: capacity:0 usage:1 overflow:1
	bbox = ( 2052, 604.8 ) - ( 2059.2, 612) on Layer -
violation type: Horizontal congestion
	srcs: net:soc_gpio_i_14_ 
	congestion information: capacity:0 usage:1 overflow:1
	bbox = ( 2052, 727.2 ) - ( 2059.2, 734.4) on Layer -
violation type: Horizontal congestion
	srcs: net:soc_gpio_i_15_ 
	congestion information: capacity:0 usage:1 overflow:1
	bbox = ( 2052, 842.4 ) - ( 2059.2, 849.6) on Layer -
violation type: Horizontal congestion
	srcs: net:soc_gpio_i_16_ 
	congestion information: capacity:0 usage:1 overflow:1
	bbox = ( 2052, 957.6 ) - ( 2059.2, 964.8) on Layer -
violation type: Horizontal congestion
	srcs: net:soc_gpio_i_17_ 
	congestion information: capacity:0 usage:1 overflow:1
	bbox = ( 2052, 1072.8 ) - ( 2059.2, 1080) on Layer -
violation type: Horizontal congestion
	srcs: net:soc_gpio_i_18_ 
	congestion information: capacity:0 usage:1 overflow:1
	bbox = ( 2052, 1195.2 ) - ( 2059.2, 1202.4) on Layer -
violation type: Horizontal congestion
	srcs: net:soc_gpio_i_19_ 
	congestion information: capacity:0 usage:1 overflow:1
	bbox = ( 2052, 1310.4 ) - ( 2059.2, 1317.6) on Layer -
violation type: Horizontal congestion
	srcs: net:soc_gpio_i_20_ 
	congestion information: capacity:0 usage:1 overflow:1
	bbox = ( 2052, 1425.6 ) - ( 2059.2, 1432.8) on Layer -
violation type: Horizontal congestion
	srcs: net:soc_gpio_i_21_ 
	congestion information: capacity:0 usage:1 overflow:1
	bbox = ( 2052, 1540.8 ) - ( 2059.2, 1548) on Layer -
violation type: Horizontal congestion
	srcs: net:soc_gpio_i_22_ 
	congestion information: capacity:0 usage:1 overflow:1
	bbox = ( 2052, 1663.2 ) - ( 2059.2, 1670.4) on Layer -
violation type: Horizontal congestion
	srcs: net:soc_gpio_i_23_ 
	congestion information: capacity:0 usage:1 overflow:1
	bbox = ( 2052, 1778.4 ) - ( 2059.2, 1785.6) on Layer -
