  violation type: Metal Spacing
    srcs: net:i_croc_soc/i_croc/core_data_obi_req_31_ net:net4013 
    bbox = ( 1053.01, 1540.25 ) - ( 1053.18, 1540.29 ) on Layer Metal2
  violation type: Metal Spacing
    srcs: net:i_croc_soc/i_croc/core_data_obi_req_31_ net:net4013 
    bbox = ( 1053.01, 1540.24 ) - ( 1053.18, 1540.25 ) on Layer Metal2
  violation type: Metal Spacing
    srcs: net:i_croc_soc/i_croc/core_data_obi_req_17_ net:net4015 
    bbox = ( 1076.68, 1536.67 ) - ( 1076.8, 1536.68 ) on Layer Metal2
  violation type: Metal Spacing
    srcs: net:i_croc_soc/i_croc/core_data_obi_req_17_ net:net4015 
    bbox = ( 1076.68, 1536.67 ) - ( 1076.73, 1536.68 ) on Layer Metal2
  violation type: Metal Spacing
    srcs: net:i_croc_soc/i_croc/core_data_obi_req_8_ 
    bbox = ( 1066.17, 1532.89 ) - ( 1066.4, 1532.9 ) on Layer Metal2
  violation type: Metal Spacing
    srcs: net:i_croc_soc/i_croc/core_data_obi_req_17_ 
    bbox = ( 1076.26, 1536.46 ) - ( 1076.68, 1536.47 ) on Layer Metal2
  violation type: Metal Spacing
    srcs: net:net960 
    bbox = ( 1092.99, 1540.45 ) - ( 1093.28, 1540.46 ) on Layer Metal2
  violation type: Short
    srcs: net:i_croc_soc/i_croc/i_core_wrap/i_ibex.cs_registers_i/mhpmcounter_1900_ net:i_croc_soc/i_croc/i_core_wrap/i_ibex.cs_registers_i/mhpmcounter_1902_ 
    bbox = ( 1701.69, 1298.12 ) - ( 1701.7, 1298.32 ) on Layer Metal2
  violation type: Short
    srcs: net:i_croc_soc/i_croc/i_core_wrap/_3660_ net:VSS 
    bbox = ( 1332.86, 1251.08 ) - ( 1333.06, 1251.28 ) on Layer Metal2
  violation type: Metal Spacing
    srcs: net:i_croc_soc/i_croc/i_core_wrap/i_ibex.cs_registers_i/_0756_ net:net5248 
    bbox = ( 1544.5, 1411.73 ) - ( 1544.7, 1411.77 ) on Layer Metal2
  violation type: Metal Spacing
    srcs: net:i_croc_soc/i_croc/i_core_wrap/i_ibex.cs_registers_i/_0756_ net:net5248 
    bbox = ( 1544.55, 1411.73 ) - ( 1544.7, 1411.77 ) on Layer Metal2
  violation type: Short
    srcs: net:i_croc_soc/i_croc/i_core_wrap/i_ibex.cs_registers_i/_0906_ net:VDD 
    bbox = ( 1607.42, 1307.78 ) - ( 1607.62, 1307.98 ) on Layer Metal2
  violation type: Short
    srcs: net:i_croc_soc/i_croc/_04473_ net:VSS 
    bbox = ( 1131.26, 1356.92 ) - ( 1131.46, 1357.12 ) on Layer Metal2
  violation type: Metal Spacing
    srcs: net:i_croc_soc/i_croc/i_core_wrap/i_ibex.id_stage_i.controller_i.instr_i_11_ net:i_croc_soc/i_croc/i_core_wrap/i_ibex.rf_we_wb 
    bbox = ( 988.705, 1487.32 ) - ( 988.88, 1487.33 ) on Layer Metal2
  violation type: Metal Spacing
    srcs: net:i_croc_soc/i_croc/core_data_obi_req_39_ net:net4018 
    bbox = ( 1093.81, 1540.04 ) - ( 1094, 1540.24 ) on Layer Metal2
  violation type: Short
    srcs: net:i_croc_soc/i_croc/i_core_wrap/_1927_ net:VSS 
    bbox = ( 1332.51, 1409.84 ) - ( 1332.7, 1410.04 ) on Layer Metal2
  violation type: Metal Spacing
    srcs: net:i_croc_soc/i_croc/i_core_wrap/i_ibex.cs_registers_i/mcycle_counter_i.counter_val_o_34_ net:net5249 
    bbox = ( 1622.31, 1445.96 ) - ( 1622.49, 1446.16 ) on Layer Metal2
  violation type: Metal Spacing
    srcs: net:i_croc_soc/i_croc/i_core_wrap/i_ibex.cs_registers_i/mcycle_counter_i.counter_val_o_35_ net:net5249 
    bbox = ( 1622.3, 1446.3 ) - ( 1622.31, 1446.38 ) on Layer Metal2
  violation type: Metal Spacing
    srcs: net:i_croc_soc/i_croc/i_core_wrap/i_ibex.cs_registers_i/mcycle_counter_i.counter_val_o_35_ net:net5249 
    bbox = ( 1622.26, 1446.3 ) - ( 1622.31, 1446.38 ) on Layer Metal2
  violation type: Metal Spacing
    srcs: net:i_croc_soc/i_croc/i_core_wrap/i_ibex.cs_registers_i/mcycle_counter_i.counter_val_o_35_ net:net5249 
    bbox = ( 1622.3, 1446.3 ) - ( 1622.5, 1446.38 ) on Layer Metal2
  violation type: Metal Spacing
    srcs: net:i_croc_soc/i_croc/i_core_wrap/i_ibex.cs_registers_i/mcycle_counter_i.counter_val_o_35_ net:net5249 
    bbox = ( 1622.26, 1446.3 ) - ( 1622.55, 1446.38 ) on Layer Metal2
  violation type: Short
    srcs: net:i_croc_soc/i_croc/i_core_wrap/i_ibex.cs_registers_i/mcycle_counter_i.counter_val_o_34_ net:net5249 
    bbox = ( 1622.54, 1446.1 ) - ( 1622.74, 1446.16 ) on Layer Metal2
  violation type: Short
    srcs: net:i_croc_soc/i_croc/i_core_wrap/i_ibex.cs_registers_i/mcycle_counter_i.counter_val_o_34_ net:net5249 
    bbox = ( 1622.49, 1446.1 ) - ( 1622.74, 1446.16 ) on Layer Metal2
  violation type: Short
    srcs: net:i_croc_soc/i_croc/i_core_wrap/i_ibex.cs_registers_i/mcycle_counter_i.counter_val_o_35_ net:net5249 
    bbox = ( 1623.74, 1446.1 ) - ( 1623.94, 1446.3 ) on Layer Metal2
  violation type: Short
    srcs: net:i_croc_soc/i_croc/i_core_wrap/i_ibex.cs_registers_i/mcycle_counter_i.counter_val_o_35_ net:net5249 
    bbox = ( 1623.69, 1446.1 ) - ( 1623.98, 1446.16 ) on Layer Metal2
  violation type: Short
    srcs: net:i_croc_soc/i_croc/i_core_wrap/i_ibex.cs_registers_i/mcycle_counter_i.counter_val_o_35_ net:net5249 
    bbox = ( 1623.74, 1446.1 ) - ( 1623.94, 1446.16 ) on Layer Metal2
  violation type: Metal Spacing
    srcs: net:i_croc_soc/i_croc/i_core_wrap/i_ibex.cs_registers_i/mcycle_counter_i.counter_val_o_35_ 
    bbox = ( 1622.55, 1446.58 ) - ( 1622.71, 1446.59 ) on Layer Metal2
  violation type: Metal Spacing
    srcs: net:i_croc_soc/i_croc/i_core_wrap/i_ibex.cs_registers_i/mcycle_counter_i.counter_val_o_35_ 
    bbox = ( 1622.26, 1446.58 ) - ( 1622.55, 1446.59 ) on Layer Metal2
  violation type: Metal Spacing
    srcs: net:i_croc_soc/i_croc/i_core_wrap/i_ibex.cs_registers_i/mcycle_counter_i.counter_val_o_35_ 
    bbox = ( 1622.26, 1446.58 ) - ( 1622.27, 1446.59 ) on Layer Metal2
  violation type: Metal Spacing
    srcs: net:i_croc_soc/i_croc/i_timer/prescaler_hi_i.counter_value_o_15_ net:i_croc_soc/i_croc/i_timer/prescaler_hi_i.counter_value_o_17_ 
    bbox = ( 1521.98, 890.09 ) - ( 1522.14, 890.13 ) on Layer Metal2
  violation type: Metal Spacing
    srcs: net:i_croc_soc/i_croc/i_timer/prescaler_hi_i.counter_value_o_15_ net:i_croc_soc/i_croc/i_timer/prescaler_hi_i.counter_value_o_17_ 
    bbox = ( 1521.98, 890.07 ) - ( 1522.14, 890.09 ) on Layer Metal2
  violation type: Metal Spacing
    srcs: net:i_croc_soc/i_croc/i_timer/prescaler_hi_i.counter_value_o_15_ net:i_croc_soc/i_croc/i_timer/prescaler_hi_i.counter_value_o_16_ 
    bbox = ( 1527.74, 890.08 ) - ( 1527.92, 890.09 ) on Layer Metal2
  violation type: Metal Spacing
    srcs: net:i_croc_soc/i_croc/i_timer/prescaler_hi_i.counter_value_o_16_ 
    bbox = ( 1527.5, 890.29 ) - ( 1527.7, 890.3 ) on Layer Metal2
  violation type: Metal Spacing
    srcs: net:i_croc_soc/i_croc/i_timer/prescaler_hi_i.counter_value_o_16_ 
    bbox = ( 1527.46, 890.29 ) - ( 1527.7, 890.3 ) on Layer Metal2
  violation type: Short
    srcs: net:i_croc_soc/i_croc/i_dmi_jtag/_0204_ net:VDD 
    bbox = ( 789.26, 1073.42 ) - ( 789.46, 1073.62 ) on Layer Metal2
  violation type: Metal Spacing
    srcs: net:i_croc_soc/i_croc/i_timer/_0323_ net:i_croc_soc/i_croc/i_timer/_0324_ 
    bbox = ( 1359.07, 943 ) - ( 1359.21, 943.01 ) on Layer Metal2
  violation type: Short
    srcs: net:i_croc_soc/i_croc/i_timer/_0323_ net:net3731 
    bbox = ( 1359.93, 943.01 ) - ( 1359.94, 943.21 ) on Layer Metal2
