Startpoint: i_croc_soc/i_croc/i_core_wrap/i_ibex.id_stage_i.controller_i.instr_i_15__reg
            (rising edge-triggered flip-flop clocked by clk_sys)
Endpoint: i_croc_soc/i_croc/i_core_wrap/i_ibex.crash_dump_o_93__reg
          (rising edge-triggered flip-flop clocked by clk_sys)
Path Group: clk_sys
Path Type: max

  Delay    Time   Description
---------------------------------------------------------
   0.00    0.00   clock clk_sys (rise edge)
   0.00    0.00   clock network delay (ideal)
   0.00    0.00 ^ i_croc_soc/i_croc/i_core_wrap/i_ibex.id_stage_i.controller_i.instr_i_15__reg/CLK (sg13g2_dfrbp_1)
   0.22    0.22 ^ i_croc_soc/i_croc/i_core_wrap/i_ibex.id_stage_i.controller_i.instr_i_15__reg/Q (sg13g2_dfrbp_1)
   0.10    0.32 ^ i_croc_soc/i_croc/i_core_wrap/i_ibex.register_file_i/_4036_/X (sg13g2_buf_2)
   0.13    0.45 ^ i_croc_soc/i_croc/i_core_wrap/i_ibex.register_file_i/_4063_/X (sg13g2_buf_2)
   0.23    0.68 ^ i_croc_soc/i_croc/i_core_wrap/i_ibex.register_file_i/_4665_/X (sg13g2_buf_2)
   0.28    0.96 v i_croc_soc/i_croc/i_core_wrap/i_ibex.register_file_i/_4777_/X (sg13g2_mux4_1)
   0.15    1.10 ^ i_croc_soc/i_croc/i_core_wrap/i_ibex.register_file_i/_4786_/Y (sg13g2_a221oi_1)
   0.08    1.18 v i_croc_soc/i_croc/i_core_wrap/i_ibex.register_file_i/_4787_/Y (sg13g2_nand3_1)
   0.11    1.29 v i_croc_soc/i_croc/i_core_wrap/_5759_/X (sg13g2_mux2_1)
   0.10    1.39 v i_croc_soc/i_croc/i_core_wrap/_5760_/X (sg13g2_or2_1)
   0.07    1.47 ^ i_croc_soc/i_croc/i_core_wrap/_5761_/Y (sg13g2_nand2_1)
   0.11    1.58 v i_croc_soc/i_croc/i_core_wrap/_5836_/Y (sg13g2_inv_1)
   0.13    1.71 v i_croc_soc/i_croc/i_core_wrap/_5838_/X (sg13g2_a21o_1)
   0.14    1.84 v i_croc_soc/i_croc/i_core_wrap/_5842_/X (sg13g2_a21o_2)
   0.09    1.94 v i_croc_soc/i_croc/i_core_wrap/_5845_/X (sg13g2_and3_1)
   0.10    2.03 ^ i_croc_soc/i_croc/i_core_wrap/_5846_/Y (sg13g2_o21ai_1)
   0.16    2.19 ^ i_croc_soc/i_croc/i_core_wrap/_5848_/X (sg13g2_a21o_1)
   0.10    2.29 v i_croc_soc/i_croc/i_core_wrap/_5858_/Y (sg13g2_a21oi_1)
   0.21    2.50 ^ i_croc_soc/i_croc/i_core_wrap/_5859_/Y (sg13g2_nor3_2)
   0.11    2.61 v i_croc_soc/i_croc/i_core_wrap/_6222_/Y (sg13g2_o21ai_1)
   0.11    2.72 v i_croc_soc/i_croc/i_core_wrap/_6223_/Y (sg13g2_nor2b_1)
   0.15    2.87 v i_croc_soc/i_croc/i_core_wrap/_6224_/X (sg13g2_buf_1)
   0.07    2.94 ^ i_croc_soc/i_croc/i_core_wrap/_6234_/Y (sg13g2_nor2_1)
   0.04    2.99 v i_croc_soc/i_croc/i_core_wrap/_6235_/Y (sg13g2_a21oi_1)
   0.14    3.12 v i_croc_soc/i_croc/i_core_wrap/_6236_/Y (sg13g2_xnor2_1)
   0.16    3.28 ^ i_croc_soc/i_croc/i_core_wrap/_7422_/Y (sg13g2_a221oi_1)
   0.07    3.35 v i_croc_soc/i_croc/i_core_wrap/_7424_/Y (sg13g2_nor2_1)
   0.14    3.48 ^ i_croc_soc/i_croc/i_core_wrap/_8627_/Y (sg13g2_a21oi_1)
   0.14    3.62 v i_croc_soc/i_croc/i_core_wrap/_8919_/Y (sg13g2_a21oi_1)
   0.07    3.69 ^ i_croc_soc/i_croc/_05450_/Y (sg13g2_nor2_1)
   0.11    3.80 v i_croc_soc/i_croc/_05451_/Y (sg13g2_nand4_1)
   0.20    4.01 ^ i_croc_soc/i_croc/_05452_/Y (sg13g2_nor3_1)
   0.09    4.10 v i_croc_soc/i_croc/_05453_/Y (sg13g2_inv_1)
   0.10    4.20 v i_croc_soc/i_croc/_05455_/X (sg13g2_and4_1)
   0.08    4.28 ^ i_croc_soc/i_croc/_05456_/Y (sg13g2_o21ai_1)
   0.09    4.37 v i_croc_soc/i_croc/_05457_/Y (sg13g2_nor3_1)
   0.20    4.57 ^ i_croc_soc/i_croc/_05618_/Y (sg13g2_o21ai_1)
   0.17    4.74 v i_croc_soc/i_croc/_05641_/Y (sg13g2_nand2_2)
   0.15    4.89 v i_croc_soc/i_croc/_05648_/X (sg13g2_mux2_1)
   0.28    5.17 ^ i_croc_soc/i_croc/_05650_/Y (sg13g2_a221oi_1)
   0.22    5.39 v i_croc_soc/i_croc/_05652_/Y (sg13g2_nand4_1)
   0.20    5.59 v i_croc_soc/i_croc/_05676_/X (sg13g2_a21o_1)
   0.08    5.67 ^ i_croc_soc/i_croc/_05677_/Y (sg13g2_xnor2_1)
   0.12    5.79 v i_croc_soc/i_croc/_05733_/Y (sg13g2_o21ai_1)
   0.09    5.87 ^ i_croc_soc/i_croc/_05734_/Y (sg13g2_nand2_2)
   0.05    5.92 v i_croc_soc/i_croc/_06356_/Y (sg13g2_nor2_1)
   0.04    5.97 ^ i_croc_soc/i_croc/_06357_/Y (sg13g2_nand3_1)
   0.12    6.09 ^ i_croc_soc/i_croc/_06358_/X (sg13g2_buf_1)
   0.17    6.26 ^ i_croc_soc/i_croc/_06359_/X (sg13g2_buf_1)
   0.11    6.37 v i_croc_soc/i_croc/_06360_/Y (sg13g2_nor2_1)
   0.15    6.52 v i_croc_soc/i_croc/i_gpio/_1169_/X (sg13g2_buf_1)
   0.06    6.58 ^ i_croc_soc/i_croc/i_gpio/_1354_/Y (sg13g2_nand2_1)
   0.08    6.65 v i_croc_soc/i_croc/i_gpio/_1355_/Y (sg13g2_nand3_1)
   0.05    6.70 ^ i_croc_soc/i_croc/i_gpio/_1356_/Y (sg13g2_o21ai_1)
   0.04    6.74 v i_croc_soc/i_croc/_07626_/Y (sg13g2_inv_1)
   0.08    6.82 ^ i_croc_soc/i_croc/_07628_/Y (sg13g2_o21ai_1)
   0.12    6.94 v i_croc_soc/i_croc/_07632_/Y (sg13g2_a22oi_1)
   0.07    7.02 ^ i_croc_soc/i_croc/_07912_/Y (sg13g2_nor2_1)
   0.04    7.06 v i_croc_soc/i_croc/_07913_/Y (sg13g2_nor3_1)
   0.19    7.25 ^ i_croc_soc/i_croc/_07914_/Y (sg13g2_nor3_1)
   0.18    7.43 ^ i_croc_soc/i_croc/i_core_wrap/_6488_/X (sg13g2_a21o_1)
   0.12    7.55 ^ i_croc_soc/i_croc/i_core_wrap/_6941_/X (sg13g2_or3_1)
   0.14    7.69 v i_croc_soc/i_croc/i_core_wrap/_7023_/Y (sg13g2_nand3_1)
   0.05    7.74 ^ i_croc_soc/i_croc/i_core_wrap/_7065_/Y (sg13g2_inv_1)
   0.09    7.84 v i_croc_soc/i_croc/i_core_wrap/_7066_/Y (sg13g2_nand3_1)
   0.10    7.94 ^ i_croc_soc/i_croc/i_core_wrap/_7078_/Y (sg13g2_nor2_1)
   0.11    8.05 v i_croc_soc/i_croc/i_core_wrap/_7110_/Y (sg13g2_nand3_1)
   0.08    8.14 ^ i_croc_soc/i_croc/i_core_wrap/_7133_/Y (sg13g2_nor2_1)
   0.11    8.25 ^ i_croc_soc/i_croc/i_core_wrap/_7149_/X (sg13g2_and2_1)
   0.09    8.34 ^ i_croc_soc/i_croc/i_core_wrap/_7160_/X (sg13g2_and2_1)
   0.09    8.44 ^ i_croc_soc/i_croc/i_core_wrap/_7171_/X (sg13g2_and2_1)
   0.09    8.53 ^ i_croc_soc/i_croc/i_core_wrap/_7186_/X (sg13g2_and2_1)
   0.12    8.65 ^ i_croc_soc/i_croc/i_core_wrap/_7239_/X (sg13g2_and3_1)
   0.10    8.76 ^ i_croc_soc/i_croc/i_core_wrap/_7241_/X (sg13g2_and2_1)
   0.13    8.88 ^ i_croc_soc/i_croc/i_core_wrap/_7291_/X (sg13g2_and3_1)
   0.11    8.99 ^ i_croc_soc/i_croc/i_core_wrap/_7296_/X (sg13g2_and2_1)
   0.11    9.10 v i_croc_soc/i_croc/i_core_wrap/_7344_/Y (sg13g2_nand4_1)
   0.06    9.15 ^ i_croc_soc/i_croc/i_core_wrap/_7345_/Y (sg13g2_inv_1)
   0.09    9.24 v i_croc_soc/i_croc/i_core_wrap/_7346_/Y (sg13g2_nand3_1)
   0.16    9.40 v i_croc_soc/i_croc/i_core_wrap/_7347_/X (sg13g2_buf_1)
   0.14    9.54 ^ i_croc_soc/i_croc/i_core_wrap/_7417_/Y (sg13g2_nor3_1)
   0.12    9.66 ^ i_croc_soc/i_croc/i_core_wrap/_7418_/X (sg13g2_xor2_1)
   0.10    9.76 ^ i_croc_soc/i_croc/i_core_wrap/_7425_/X (sg13g2_a21o_1)
   0.00    9.76 ^ i_croc_soc/i_croc/i_core_wrap/i_ibex.crash_dump_o_93__reg/D (sg13g2_dfrbp_1)
           9.76   data arrival time

  10.00   10.00   clock clk_sys (rise edge)
   0.00   10.00   clock network delay (ideal)
   0.00   10.00   clock reconvergence pessimism
          10.00 ^ i_croc_soc/i_croc/i_core_wrap/i_ibex.crash_dump_o_93__reg/CLK (sg13g2_dfrbp_1)
  -0.11    9.89   library setup time
           9.89   data required time
---------------------------------------------------------
           9.89   data required time
          -9.76   data arrival time
---------------------------------------------------------
           0.13   slack (MET)


