Startpoint: i_croc_soc/i_croc/i_core_wrap/i_ibex.id_stage_i.controller_i.instr_i_13__reg
            (rising edge-triggered flip-flop clocked by clk_sys)
Endpoint: i_croc_soc/i_croc/i_core_wrap/i_ibex.crash_dump_o_90__reg
          (rising edge-triggered flip-flop clocked by clk_sys)
Path Group: clk_sys
Path Type: max

  Delay    Time   Description
---------------------------------------------------------
   0.00    0.00   clock clk_sys (rise edge)
   0.00    0.00   clock network delay (ideal)
   0.00    0.00 ^ i_croc_soc/i_croc/i_core_wrap/i_ibex.id_stage_i.controller_i.instr_i_13__reg/CLK (sg13g2_dfrbp_1)
   0.18    0.18 v i_croc_soc/i_croc/i_core_wrap/i_ibex.id_stage_i.controller_i.instr_i_13__reg/Q (sg13g2_dfrbp_1)
   0.08    0.26 v fanout5237/X (sg13g2_buf_4)
   0.10    0.36 v fanout5236/X (sg13g2_buf_2)
   0.11    0.47 v fanout5235/X (sg13g2_buf_2)
   0.16    0.63 ^ i_croc_soc/i_croc/i_core_wrap/_5047_/Y (sg13g2_nor3_2)
   0.11    0.74 v i_croc_soc/i_croc/i_core_wrap/_5206_/Y (sg13g2_nand3_1)
   0.07    0.81 ^ i_croc_soc/i_croc/i_core_wrap/_5207_/Y (sg13g2_nand3_1)
   0.09    0.89 v i_croc_soc/i_croc/i_core_wrap/_5214_/Y (sg13g2_nand3_1)
   0.12    1.02 v fanout3380/X (sg13g2_buf_2)
   0.10    1.12 v fanout3379/X (sg13g2_buf_4)
   0.10    1.22 v fanout3378/X (sg13g2_buf_4)
   0.11    1.32 ^ i_croc_soc/i_croc/i_core_wrap/_5229_/Y (sg13g2_o21ai_1)
   0.12    1.44 ^ fanout3267/X (sg13g2_buf_2)
   0.11    1.55 ^ fanout3266/X (sg13g2_buf_1)
   0.09    1.64 v i_croc_soc/i_croc/i_core_wrap/_5745_/Y (sg13g2_a22oi_1)
   0.21    1.85 ^ i_croc_soc/i_croc/i_core_wrap/_5837_/Y (sg13g2_a221oi_1)
   0.12    1.96 ^ i_croc_soc/i_croc/i_core_wrap/_5838_/X (sg13g2_a21o_1)
   0.12    2.08 ^ i_croc_soc/i_croc/i_core_wrap/_5842_/X (sg13g2_a21o_1)
   0.15    2.23 ^ i_croc_soc/i_croc/i_core_wrap/_5845_/X (sg13g2_and3_1)
   0.09    2.32 v i_croc_soc/i_croc/i_core_wrap/_5846_/Y (sg13g2_o21ai_1)
   0.18    2.50 v i_croc_soc/i_croc/i_core_wrap/_5848_/X (sg13g2_a21o_2)
   0.11    2.62 ^ i_croc_soc/i_croc/i_core_wrap/_5858_/Y (sg13g2_a21oi_1)
   0.06    2.68 v i_croc_soc/i_croc/i_core_wrap/_5859_/Y (sg13g2_nor3_2)
   0.09    2.76 ^ i_croc_soc/i_croc/i_core_wrap/_6222_/Y (sg13g2_o21ai_1)
   0.12    2.88 ^ i_croc_soc/i_croc/i_core_wrap/_6223_/Y (sg13g2_nor2b_1)
   0.12    3.00 ^ fanout1031/X (sg13g2_buf_2)
   0.14    3.14 v i_croc_soc/i_croc/i_core_wrap/_6346_/Y (sg13g2_xnor2_1)
   0.18    3.32 ^ i_croc_soc/i_croc/i_core_wrap/_7340_/Y (sg13g2_a221oi_1)
   0.07    3.40 v i_croc_soc/i_croc/i_core_wrap/_7342_/Y (sg13g2_nor2_2)
   0.13    3.52 v i_croc_soc/i_croc/i_core_wrap/_8583_/X (sg13g2_a21o_1)
   0.14    3.67 v i_croc_soc/i_croc/i_core_wrap/_8901_/X (sg13g2_mux2_2)
   0.15    3.82 ^ i_croc_soc/i_croc/_05445_/Y (sg13g2_nor4_1)
   0.18    3.99 v i_croc_soc/i_croc/_05446_/Y (sg13g2_nand3_1)
   0.19    4.19 ^ i_croc_soc/i_croc/_05452_/Y (sg13g2_nor3_2)
   0.07    4.25 v i_croc_soc/i_croc/_05453_/Y (sg13g2_inv_2)
   0.09    4.35 v i_croc_soc/i_croc/_05455_/X (sg13g2_and4_1)
   0.09    4.44 ^ i_croc_soc/i_croc/_05456_/Y (sg13g2_o21ai_1)
   0.08    4.52 v i_croc_soc/i_croc/_05457_/Y (sg13g2_nor3_2)
   0.14    4.66 ^ i_croc_soc/i_croc/_05458_/Y (sg13g2_nor4_2)
   0.14    4.80 ^ i_croc_soc/i_croc/_05587_/Y (sg13g2_nand2b_2)
   0.04    4.84 v i_croc_soc/i_croc/_05643_/Y (sg13g2_nand2_2)
   0.08    4.93 v fanout2307/X (sg13g2_buf_2)
   0.08    5.01 v fanout2306/X (sg13g2_buf_4)
   0.09    5.10 v fanout2305/X (sg13g2_buf_4)
   0.16    5.26 ^ i_croc_soc/i_croc/_05650_/Y (sg13g2_a221oi_1)
   0.18    5.44 v i_croc_soc/i_croc/_05652_/Y (sg13g2_nand4_1)
   0.20    5.64 v i_croc_soc/i_croc/_05676_/X (sg13g2_a21o_2)
   0.07    5.72 ^ i_croc_soc/i_croc/_05677_/Y (sg13g2_xnor2_1)
   0.12    5.84 v i_croc_soc/i_croc/_05733_/Y (sg13g2_o21ai_1)
   0.09    5.93 ^ i_croc_soc/i_croc/_05734_/Y (sg13g2_nand2_2)
   0.05    5.98 v i_croc_soc/i_croc/_06356_/Y (sg13g2_nor2_1)
   0.10    6.08 ^ i_croc_soc/i_croc/_06357_/Y (sg13g2_nand3_1)
   0.11    6.20 ^ fanout2183/X (sg13g2_buf_8)
   0.07    6.27 ^ fanout2182/X (sg13g2_buf_16)
   0.09    6.36 ^ fanout2181/X (sg13g2_buf_2)
   0.08    6.44 ^ fanout2180/X (sg13g2_buf_8)
   0.04    6.48 v i_croc_soc/i_croc/_06360_/Y (sg13g2_nor2_2)
   0.08    6.56 v fanout2141/X (sg13g2_buf_8)
   0.04    6.60 ^ i_croc_soc/i_croc/i_gpio/_1354_/Y (sg13g2_nand2_1)
   0.07    6.67 v i_croc_soc/i_croc/i_gpio/_1355_/Y (sg13g2_nand3_1)
   0.04    6.72 ^ i_croc_soc/i_croc/i_gpio/_1356_/Y (sg13g2_o21ai_1)
   0.04    6.76 v i_croc_soc/i_croc/_07626_/Y (sg13g2_inv_1)
   0.08    6.84 ^ i_croc_soc/i_croc/_07628_/Y (sg13g2_o21ai_1)
   0.13    6.97 v i_croc_soc/i_croc/_07632_/Y (sg13g2_a22oi_1)
   0.07    7.04 ^ i_croc_soc/i_croc/_07912_/Y (sg13g2_nor2_2)
   0.04    7.08 v i_croc_soc/i_croc/_07913_/Y (sg13g2_nor3_2)
   0.11    7.19 ^ i_croc_soc/i_croc/_07914_/Y (sg13g2_nor3_2)
   0.15    7.34 ^ i_croc_soc/i_croc/i_core_wrap/_6488_/X (sg13g2_a21o_1)
   0.11    7.45 ^ i_croc_soc/i_croc/i_core_wrap/_6941_/X (sg13g2_or3_2)
   0.13    7.59 v i_croc_soc/i_croc/i_core_wrap/_7023_/Y (sg13g2_nand3_1)
   0.05    7.64 ^ i_croc_soc/i_croc/i_core_wrap/_7065_/Y (sg13g2_inv_1)
   0.11    7.75 v i_croc_soc/i_croc/i_core_wrap/_7066_/Y (sg13g2_nand3_1)
   0.08    7.83 ^ i_croc_soc/i_croc/i_core_wrap/_7078_/Y (sg13g2_nor2_2)
   0.12    7.95 v i_croc_soc/i_croc/i_core_wrap/_7110_/Y (sg13g2_nand3_1)
   0.07    8.02 ^ i_croc_soc/i_croc/i_core_wrap/_7133_/Y (sg13g2_nor2_2)
   0.10    8.12 ^ i_croc_soc/i_croc/i_core_wrap/_7149_/X (sg13g2_and2_1)
   0.09    8.21 ^ i_croc_soc/i_croc/i_core_wrap/_7160_/X (sg13g2_and2_1)
   0.09    8.30 ^ i_croc_soc/i_croc/i_core_wrap/_7171_/X (sg13g2_and2_1)
   0.09    8.40 ^ i_croc_soc/i_croc/i_core_wrap/_7186_/X (sg13g2_and2_1)
   0.12    8.52 ^ i_croc_soc/i_croc/i_core_wrap/_7239_/X (sg13g2_and3_1)
   0.10    8.62 ^ i_croc_soc/i_croc/i_core_wrap/_7241_/X (sg13g2_and2_1)
   0.13    8.75 ^ i_croc_soc/i_croc/i_core_wrap/_7291_/X (sg13g2_and3_1)
   0.11    8.86 ^ i_croc_soc/i_croc/i_core_wrap/_7296_/X (sg13g2_and2_1)
   0.11    8.97 v i_croc_soc/i_croc/i_core_wrap/_7344_/Y (sg13g2_nand4_1)
   0.05    9.02 ^ i_croc_soc/i_croc/i_core_wrap/_7345_/Y (sg13g2_inv_1)
   0.13    9.15 v i_croc_soc/i_croc/i_core_wrap/_7346_/Y (sg13g2_nand3_1)
   0.14    9.29 v fanout1574/X (sg13g2_buf_2)
   0.10    9.39 ^ i_croc_soc/i_croc/i_core_wrap/_7386_/Y (sg13g2_o21ai_1)
   0.09    9.48 v i_croc_soc/i_croc/i_core_wrap/_7387_/Y (sg13g2_nand3_1)
   0.12    9.59 v i_croc_soc/i_croc/i_core_wrap/_7392_/X (sg13g2_a21o_1)
   0.00    9.59 v i_croc_soc/i_croc/i_core_wrap/i_ibex.crash_dump_o_90__reg/D (sg13g2_dfrbp_2)
           9.59   data arrival time

  10.00   10.00   clock clk_sys (rise edge)
   0.00   10.00   clock network delay (ideal)
   0.00   10.00   clock reconvergence pessimism
          10.00 ^ i_croc_soc/i_croc/i_core_wrap/i_ibex.crash_dump_o_90__reg/CLK (sg13g2_dfrbp_2)
  -0.13    9.87   library setup time
           9.87   data required time
---------------------------------------------------------
           9.87   data required time
          -9.59   data arrival time
---------------------------------------------------------
           0.28   slack (MET)


